Archive member included to satisfy reference by file (symbol)

c:/qmk_msys/mingw64/bin/../lib/gcc/arm-none-eabi/12.2.0/thumb/v6-m/nofp\libgcc.a(_thumb1_case_sqi.o)
                              .build/obj_lords_rex60_lite_v2_keymap_split/quantum/keycode_config.o (__gnu_thumb1_case_sqi)
c:/qmk_msys/mingw64/bin/../lib/gcc/arm-none-eabi/12.2.0/thumb/v6-m/nofp\libgcc.a(_thumb1_case_uqi.o)
                              .build/obj_lords_rex60_lite_v2_keymap_split/quantum/keymap_introspection.o (__gnu_thumb1_case_uqi)
c:/qmk_msys/mingw64/bin/../lib/gcc/arm-none-eabi/12.2.0/thumb/v6-m/nofp\libgcc.a(_thumb1_case_shi.o)
                              .build/obj_lords_rex60_lite_v2/lib/chibios/os/hal/lib/streams/chprintf.o (__gnu_thumb1_case_shi)
c:/qmk_msys/mingw64/bin/../lib/gcc/arm-none-eabi/12.2.0/thumb/v6-m/nofp\libgcc.a(_thumb1_case_uhi.o)
                              .build/obj_lords_rex60_lite_v2_keymap_split/quantum/action.o (__gnu_thumb1_case_uhi)
c:/qmk_msys/mingw64/bin/../lib/gcc/arm-none-eabi/12.2.0/thumb/v6-m/nofp\libgcc.a(_dvmd_tls.o)
                              .build/obj_lords_rex60_lite_v2/./lib/pico-sdk/src/rp2_common/pico_divider/divider.o (__aeabi_idiv0)
c:/qmk_msys/mingw64/bin/../lib/gcc/arm-none-eabi/12.2.0/thumb/v6-m/nofp\libgcc.a(_ctzsi2.o)
                              .build/obj_lords_rex60_lite_v2/./lib/pico-sdk/src/rp2_common/hardware_pio/pio.o (__ctzsi2)
c:/qmk_msys/mingw64/bin/../lib/gcc/arm-none-eabi/12.2.0/../../../../arm-none-eabi/lib/thumb/v6-m/nofp\libg_nano.a(libc_a-abort.o)
                              .build/obj_lords_rex60_lite_v2/lib/chibios/os/various/syscalls.o (abort)
c:/qmk_msys/mingw64/bin/../lib/gcc/arm-none-eabi/12.2.0/../../../../arm-none-eabi/lib/thumb/v6-m/nofp\libg_nano.a(libc_a-rand.o)
                              .build/obj_lords_rex60_lite_v2_keymap_split/quantum/send_string/send_string.o (rand)
c:/qmk_msys/mingw64/bin/../lib/gcc/arm-none-eabi/12.2.0/../../../../arm-none-eabi/lib/thumb/v6-m/nofp\libg_nano.a(libc_a-ctype_.o)
                              .build/obj_lords_rex60_lite_v2_keymap_split/quantum/send_string/send_string.o (_ctype_)
c:/qmk_msys/mingw64/bin/../lib/gcc/arm-none-eabi/12.2.0/../../../../arm-none-eabi/lib/thumb/v6-m/nofp\libg_nano.a(libc_a-memcmp.o)
                              .build/obj_lords_rex60_lite_v2_keymap_split/quantum/action_util.o (memcmp)
c:/qmk_msys/mingw64/bin/../lib/gcc/arm-none-eabi/12.2.0/../../../../arm-none-eabi/lib/thumb/v6-m/nofp\libg_nano.a(libc_a-memset.o)
                              .build/obj_lords_rex60_lite_v2_keymap_split/quantum/action_tapping.o (memset)
c:/qmk_msys/mingw64/bin/../lib/gcc/arm-none-eabi/12.2.0/../../../../arm-none-eabi/lib/thumb/v6-m/nofp\libg_nano.a(libc_a-signal.o)
                              c:/qmk_msys/mingw64/bin/../lib/gcc/arm-none-eabi/12.2.0/../../../../arm-none-eabi/lib/thumb/v6-m/nofp\libg_nano.a(libc_a-abort.o) (raise)
c:/qmk_msys/mingw64/bin/../lib/gcc/arm-none-eabi/12.2.0/../../../../arm-none-eabi/lib/thumb/v6-m/nofp\libg_nano.a(libc_a-impure.o)
                              c:/qmk_msys/mingw64/bin/../lib/gcc/arm-none-eabi/12.2.0/../../../../arm-none-eabi/lib/thumb/v6-m/nofp\libg_nano.a(libc_a-rand.o) (_impure_ptr)
c:/qmk_msys/mingw64/bin/../lib/gcc/arm-none-eabi/12.2.0/../../../../arm-none-eabi/lib/thumb/v6-m/nofp\libg_nano.a(libc_a-signalr.o)
                              c:/qmk_msys/mingw64/bin/../lib/gcc/arm-none-eabi/12.2.0/../../../../arm-none-eabi/lib/thumb/v6-m/nofp\libg_nano.a(libc_a-signal.o) (_kill_r)
c:/qmk_msys/mingw64/bin/../lib/gcc/arm-none-eabi/12.2.0/../../../../arm-none-eabi/lib/thumb/v6-m/nofp\libg_nano.a(libc_a-errno.o)
                              .build/obj_lords_rex60_lite_v2/platforms/chibios/syscall-fallbacks.o (__errno)
c:/qmk_msys/mingw64/bin/../lib/gcc/arm-none-eabi/12.2.0/../../../../arm-none-eabi/lib/thumb/v6-m/nofp\libg_nano.a(libc_a-memcpy-stub.o)
                              .build/obj_lords_rex60_lite_v2_keymap_split/quantum/action_tapping.o (memcpy)
c:/qmk_msys/mingw64/bin/../lib/gcc/arm-none-eabi/12.2.0/../../../../arm-none-eabi/lib/thumb/v6-m/nofp\libg_nano.a(libc_a-assert.o)
                              c:/qmk_msys/mingw64/bin/../lib/gcc/arm-none-eabi/12.2.0/../../../../arm-none-eabi/lib/thumb/v6-m/nofp\libg_nano.a(libc_a-rand.o) (__assert_func)
c:/qmk_msys/mingw64/bin/../lib/gcc/arm-none-eabi/12.2.0/../../../../arm-none-eabi/lib/thumb/v6-m/nofp\libg_nano.a(libc_a-malloc.o)
                              c:/qmk_msys/mingw64/bin/../lib/gcc/arm-none-eabi/12.2.0/../../../../arm-none-eabi/lib/thumb/v6-m/nofp\libg_nano.a(libc_a-rand.o) (malloc)
c:/qmk_msys/mingw64/bin/../lib/gcc/arm-none-eabi/12.2.0/../../../../arm-none-eabi/lib/thumb/v6-m/nofp\libg_nano.a(libc_a-mallocr.o)
                              c:/qmk_msys/mingw64/bin/../lib/gcc/arm-none-eabi/12.2.0/../../../../arm-none-eabi/lib/thumb/v6-m/nofp\libg_nano.a(libc_a-signal.o) (_malloc_r)
[...]
Memory Configuration

Name             Origin             Length             Attributes
flash0           0x00000000         0x00004000         xr
flash1           0x10000000         0x00200000         xr
flash2           0x00000000         0x00000000         xr
flash3           0x00000000         0x00000000         xr
flash4           0x00000000         0x00000000         xr
flash5           0x00000000         0x00000000         xr
flash6           0x00000000         0x00000000         xr
flash7           0x00000000         0x00000000         xr
ram0             0x20000000         0x00040000         xw
ram1             0x00000000         0x00040000         xw
ram2             0x00000000         0x00000000         xw
ram3             0x00000000         0x00000000         xw
ram4             0x20040000         0x00001000         xw
ram5             0x20041000         0x00001000         xw
ram6             0x00000000         0x00000000         xw
ram7             0x20041f00         0x00000100         xw
*default*        0x00000000         0xffffffff

Linker script and memory map

LOAD .build/obj_lords_rex60_lite_v2_keymap_split/keyboards/lords/rex60_lite_v2/rex60_lite_v2.o
LOAD .build/obj_lords_rex60_lite_v2_keymap_split/.build/obj_lords_rex60_lite_v2/src/default_keyboard.o
LOAD .build/obj_lords_rex60_lite_v2_keymap_split/quantum/keymap_introspection.o
LOAD .build/obj_lords_rex60_lite_v2_keymap_split/quantum/quantum.o
LOAD .build/obj_lords_rex60_lite_v2_keymap_split/quantum/bitwise.o
LOAD .build/obj_lords_rex60_lite_v2_keymap_split/quantum/led.o
LOAD .build/obj_lords_rex60_lite_v2_keymap_split/quantum/action.o
LOAD .build/obj_lords_rex60_lite_v2_keymap_split/quantum/action_layer.o
LOAD .build/obj_lords_rex60_lite_v2_keymap_split/quantum/action_tapping.o
LOAD .build/obj_lords_rex60_lite_v2_keymap_split/quantum/action_util.o
LOAD .build/obj_lords_rex60_lite_v2_keymap_split/quantum/eeconfig.o
LOAD .build/obj_lords_rex60_lite_v2_keymap_split/quantum/keyboard.o
LOAD .build/obj_lords_rex60_lite_v2_keymap_split/quantum/keymap_common.o
LOAD .build/obj_lords_rex60_lite_v2_keymap_split/quantum/keycode_config.o
LOAD .build/obj_lords_rex60_lite_v2_keymap_split/quantum/sync_timer.o
LOAD .build/obj_lords_rex60_lite_v2_keymap_split/quantum/logging/debug.o
LOAD .build/obj_lords_rex60_lite_v2_keymap_split/quantum/logging/sendchar.o
LOAD .build/obj_lords_rex60_lite_v2_keymap_split/quantum/logging/print.o
LOAD .build/obj_lords_rex60_lite_v2_keymap_split/quantum/bootmagic/bootmagic_lite.o
LOAD .build/obj_lords_rex60_lite_v2_keymap_split/quantum/bootmagic/magic.o
LOAD .build/obj_lords_rex60_lite_v2_keymap_split/quantum/matrix_common.o
LOAD .build/obj_lords_rex60_lite_v2_keymap_split/quantum/matrix.o
LOAD .build/obj_lords_rex60_lite_v2_keymap_split/quantum/debounce/sym_defer_g.o
LOAD .build/obj_lords_rex60_lite_v2_keymap_split/quantum/main.o
LOAD .build/obj_lords_rex60_lite_v2_keymap_split/printf.o
LOAD .build/obj_lords_rex60_lite_v2_keymap_split/quantum/mousekey.o
LOAD .build/obj_lords_rex60_lite_v2_keymap_split/eeprom_driver.o
LOAD .build/obj_lords_rex60_lite_v2_keymap_split/eeprom_wear_leveling.o
LOAD .build/obj_lords_rex60_lite_v2_keymap_split/wear_leveling.o
LOAD .build/obj_lords_rex60_lite_v2_keymap_split/wear_leveling_rp2040_flash.o
LOAD .build/obj_lords_rex60_lite_v2_keymap_split/qmk_fnv_type_validation.o
LOAD .build/obj_lords_rex60_lite_v2_keymap_split/hash_32a.o
LOAD .build/obj_lords_rex60_lite_v2_keymap_split/hash_64a.o
LOAD .build/obj_lords_rex60_lite_v2_keymap_split/quantum/process_keycode/process_magic.o
LOAD .build/obj_lords_rex60_lite_v2_keymap_split/quantum/send_string/send_string.o
LOAD .build/obj_lords_rex60_lite_v2_keymap_split/quantum/process_keycode/process_grave_esc.o
LOAD .build/obj_lords_rex60_lite_v2_keymap_split/quantum/process_keycode/process_space_cadet.o
LOAD .build/obj_lords_rex60_lite_v2_keymap_split/./lib/chibios/os/common/startup/ARMCMx/compilers/GCC/crt0_v6m.o
LOAD .build/obj_lords_rex60_lite_v2_keymap_split/./lib/chibios/os/common/startup/ARMCMx/compilers/GCC/vectors.o
LOAD .build/obj_lords_rex60_lite_v2_keymap_split/./lib/chibios/os/common/ports/ARMv6-M-RP2/compilers/GCC/chcoreasm.o
LOAD .build/obj_lords_rex60_lite_v2_keymap_split/protocol/host.o
LOAD .build/obj_lords_rex60_lite_v2_keymap_split/protocol/report.o
LOAD .build/obj_lords_rex60_lite_v2_keymap_split/protocol/usb_device_state.o
LOAD .build/obj_lords_rex60_lite_v2_keymap_split/protocol/usb_util.o
LOAD .build/obj_lords_rex60_lite_v2_keymap_split/platforms/suspend.o
LOAD .build/obj_lords_rex60_lite_v2_keymap_split/platforms/synchronization_util.o
LOAD .build/obj_lords_rex60_lite_v2_keymap_split/platforms/timer.o
LOAD .build/obj_lords_rex60_lite_v2_keymap_split/platforms/chibios/hardware_id.o
LOAD .build/obj_lords_rex60_lite_v2_keymap_split/platforms/chibios/platform.o
LOAD .build/obj_lords_rex60_lite_v2_keymap_split/platforms/chibios/suspend.o
LOAD .build/obj_lords_rex60_lite_v2_keymap_split/platforms/chibios/timer.o
LOAD .build/obj_lords_rex60_lite_v2_keymap_split/platforms/chibios/bootloaders/rp2040.o
LOAD .build/obj_lords_rex60_lite_v2_keymap_split/protocol/chibios/usb_main.o
LOAD .build/obj_lords_rex60_lite_v2_keymap_split/protocol/chibios/chibios.o
LOAD .build/obj_lords_rex60_lite_v2_keymap_split/usb_descriptor.o
LOAD .build/obj_lords_rex60_lite_v2_keymap_split/protocol/chibios/usb_driver.o
LOAD .build/obj_lords_rex60_lite_v2_keymap_split/protocol/chibios/usb_util.o
LOAD .build/obj_lords_rex60_lite_v2_keymap_split/./lib/chibios/os/oslib/src/chmboxes.o
LOAD .build/obj_lords_rex60_lite_v2_keymap_split/./lib/chibios/os/oslib/src/chmemcore.o
LOAD .build/obj_lords_rex60_lite_v2_keymap_split/./lib/chibios/os/oslib/src/chmemheaps.o
LOAD .build/obj_lords_rex60_lite_v2_keymap_split/./lib/chibios/os/oslib/src/chmempools.o
LOAD .build/obj_lords_rex60_lite_v2_keymap_split/./lib/chibios/os/oslib/src/chpipes.o
LOAD .build/obj_lords_rex60_lite_v2_keymap_split/./lib/chibios/os/oslib/src/chobjcaches.o
LOAD .build/obj_lords_rex60_lite_v2_keymap_split/./lib/chibios/os/oslib/src/chdelegates.o
LOAD .build/obj_lords_rex60_lite_v2_keymap_split/./lib/chibios/os/oslib/src/chfactory.o
LOAD .build/obj_lords_rex60_lite_v2/lib/chibios/os/common/startup/ARMCMx/compilers/GCC/crt1.o
LOAD .build/obj_lords_rex60_lite_v2/lib/chibios/os/rt/src/chsys.o
LOAD .build/obj_lords_rex60_lite_v2/lib/chibios/os/rt/src/chrfcu.o
LOAD .build/obj_lords_rex60_lite_v2/lib/chibios/os/rt/src/chdebug.o
LOAD .build/obj_lords_rex60_lite_v2/lib/chibios/os/rt/src/chtrace.o
LOAD .build/obj_lords_rex60_lite_v2/lib/chibios/os/rt/src/chvt.o
LOAD .build/obj_lords_rex60_lite_v2/lib/chibios/os/rt/src/chschd.o
LOAD .build/obj_lords_rex60_lite_v2/lib/chibios/os/rt/src/chinstances.o
LOAD .build/obj_lords_rex60_lite_v2/lib/chibios/os/rt/src/chthreads.o
LOAD .build/obj_lords_rex60_lite_v2/lib/chibios/os/rt/src/chtm.o
LOAD .build/obj_lords_rex60_lite_v2/lib/chibios/os/rt/src/chstats.o
LOAD .build/obj_lords_rex60_lite_v2/lib/chibios/os/rt/src/chregistry.o
LOAD .build/obj_lords_rex60_lite_v2/lib/chibios/os/rt/src/chsem.o
LOAD .build/obj_lords_rex60_lite_v2/lib/chibios/os/rt/src/chmtx.o
LOAD .build/obj_lords_rex60_lite_v2/lib/chibios/os/rt/src/chcond.o
LOAD .build/obj_lords_rex60_lite_v2/lib/chibios/os/rt/src/chevents.o
LOAD .build/obj_lords_rex60_lite_v2/lib/chibios/os/rt/src/chmsg.o
LOAD .build/obj_lords_rex60_lite_v2/lib/chibios/os/rt/src/chdynamic.o
LOAD .build/obj_lords_rex60_lite_v2/lib/chibios/os/common/ports/ARMv6-M-RP2/chcore.o
LOAD .build/obj_lords_rex60_lite_v2/lib/chibios/os/hal/osal/rt-nil/osal.o
LOAD .build/obj_lords_rex60_lite_v2/lib/chibios/os/hal/src/hal.o
LOAD .build/obj_lords_rex60_lite_v2/lib/chibios/os/hal/src/hal_st.o
LOAD .build/obj_lords_rex60_lite_v2/lib/chibios/os/hal/src/hal_buffers.o
LOAD .build/obj_lords_rex60_lite_v2/lib/chibios/os/hal/src/hal_queues.o
LOAD .build/obj_lords_rex60_lite_v2/lib/chibios/os/hal/src/hal_flash.o
LOAD .build/obj_lords_rex60_lite_v2/lib/chibios/os/hal/src/hal_mmcsd.o
LOAD .build/obj_lords_rex60_lite_v2/lib/chibios/os/hal/src/hal_adc.o
LOAD .build/obj_lords_rex60_lite_v2/lib/chibios/os/hal/src/hal_can.o
LOAD .build/obj_lords_rex60_lite_v2/lib/chibios/os/hal/src/hal_crypto.o
LOAD .build/obj_lords_rex60_lite_v2/lib/chibios/os/hal/src/hal_dac.o
LOAD .build/obj_lords_rex60_lite_v2/lib/chibios/os/hal/src/hal_efl.o
LOAD .build/obj_lords_rex60_lite_v2/lib/chibios/os/hal/src/hal_gpt.o
LOAD .build/obj_lords_rex60_lite_v2/lib/chibios/os/hal/src/hal_i2c.o
LOAD .build/obj_lords_rex60_lite_v2/lib/chibios/os/hal/src/hal_i2s.o
LOAD .build/obj_lords_rex60_lite_v2/lib/chibios/os/hal/src/hal_icu.o
LOAD .build/obj_lords_rex60_lite_v2/lib/chibios/os/hal/src/hal_mac.o
LOAD .build/obj_lords_rex60_lite_v2/lib/chibios/os/hal/src/hal_mmc_spi.o
LOAD .build/obj_lords_rex60_lite_v2/lib/chibios/os/hal/src/hal_pal.o
LOAD .build/obj_lords_rex60_lite_v2/lib/chibios/os/hal/src/hal_pwm.o
LOAD .build/obj_lords_rex60_lite_v2/lib/chibios/os/hal/src/hal_rtc.o
LOAD .build/obj_lords_rex60_lite_v2/lib/chibios/os/hal/src/hal_sdc.o
LOAD .build/obj_lords_rex60_lite_v2/lib/chibios/os/hal/src/hal_serial.o
LOAD .build/obj_lords_rex60_lite_v2/lib/chibios/os/hal/src/hal_serial_usb.o
LOAD .build/obj_lords_rex60_lite_v2/lib/chibios/os/hal/src/hal_sio.o
LOAD .build/obj_lords_rex60_lite_v2/lib/chibios/os/hal/src/hal_spi.o
LOAD .build/obj_lords_rex60_lite_v2/lib/chibios/os/hal/src/hal_trng.o
LOAD .build/obj_lords_rex60_lite_v2/lib/chibios/os/hal/src/hal_uart.o
LOAD .build/obj_lords_rex60_lite_v2/lib/chibios/os/hal/src/hal_usb.o
LOAD .build/obj_lords_rex60_lite_v2/lib/chibios/os/hal/src/hal_wdg.o
LOAD .build/obj_lords_rex60_lite_v2/lib/chibios/os/hal/src/hal_wspi.o
LOAD .build/obj_lords_rex60_lite_v2/lib/chibios/os/hal/ports/common/ARMCMx/nvic.o
LOAD .build/obj_lords_rex60_lite_v2/lib/chibios/os/hal/ports/RP/RP2040/rp_isr.o
LOAD .build/obj_lords_rex60_lite_v2/lib/chibios/os/hal/ports/RP/RP2040/hal_lld.o
LOAD .build/obj_lords_rex60_lite_v2/lib/chibios/os/hal/ports/RP/LLD/DMAv1/rp_dma.o
LOAD .build/obj_lords_rex60_lite_v2/lib/chibios/os/hal/ports/RP/LLD/GPIOv1/hal_pal_lld.o
LOAD .build/obj_lords_rex60_lite_v2/lib/chibios/os/hal/ports/RP/LLD/SPIv1/hal_spi_lld.o
LOAD .build/obj_lords_rex60_lite_v2/lib/chibios/os/hal/ports/RP/LLD/TIMERv1/hal_st_lld.o
LOAD .build/obj_lords_rex60_lite_v2/lib/chibios/os/hal/ports/RP/LLD/UARTv1/hal_sio_lld.o
LOAD .build/obj_lords_rex60_lite_v2/lib/chibios/os/hal/ports/RP/LLD/RTCv1/hal_rtc_lld.o
LOAD .build/obj_lords_rex60_lite_v2/lib/chibios/os/hal/ports/RP/LLD/WDGv1/hal_wdg_lld.o
LOAD .build/obj_lords_rex60_lite_v2/lib/chibios-contrib/os/hal/ports/RP/LLD/I2Cv1/hal_i2c_lld.o
LOAD .build/obj_lords_rex60_lite_v2/lib/chibios-contrib/os/hal/ports/RP/LLD/PWMv1/hal_pwm_lld.o
LOAD .build/obj_lords_rex60_lite_v2/lib/chibios-contrib/os/hal/ports/RP/LLD/ADCv1/hal_adc_lld.o
LOAD .build/obj_lords_rex60_lite_v2/lib/chibios-contrib/os/hal/ports/RP/LLD/USBDv1/hal_usb_lld.o
LOAD .build/obj_lords_rex60_lite_v2/lib/chibios/os/hal/boards/RP_PICO_RP2040/board.o
LOAD .build/obj_lords_rex60_lite_v2/lib/chibios/os/hal/lib/streams/chprintf.o
LOAD .build/obj_lords_rex60_lite_v2/lib/chibios/os/hal/lib/streams/chscanf.o
LOAD .build/obj_lords_rex60_lite_v2/lib/chibios/os/hal/lib/streams/memstreams.o
LOAD .build/obj_lords_rex60_lite_v2/lib/chibios/os/hal/lib/streams/nullstreams.o
LOAD .build/obj_lords_rex60_lite_v2/lib/chibios/os/hal/lib/streams/bufstreams.o
LOAD .build/obj_lords_rex60_lite_v2/lib/chibios/os/various/syscalls.o
LOAD .build/obj_lords_rex60_lite_v2/platforms/chibios/syscall-fallbacks.o
LOAD .build/obj_lords_rex60_lite_v2/platforms/chibios/wait.o
LOAD .build/obj_lords_rex60_lite_v2/platforms/chibios/synchronization_util.o
LOAD .build/obj_lords_rex60_lite_v2/./lib/pico-sdk/src/rp2_common/hardware_clocks/clocks.o
LOAD .build/obj_lords_rex60_lite_v2/./lib/pico-sdk/src/rp2_common/hardware_pll/pll.o
LOAD .build/obj_lords_rex60_lite_v2/./lib/pico-sdk/src/rp2_common/hardware_pio/pio.o
LOAD .build/obj_lords_rex60_lite_v2/./lib/pico-sdk/src/rp2_common/hardware_timer/timer.o
LOAD .build/obj_lords_rex60_lite_v2/./lib/pico-sdk/src/rp2_common/hardware_flash/flash.o
LOAD .build/obj_lords_rex60_lite_v2/./lib/pico-sdk/src/rp2_common/hardware_gpio/gpio.o
LOAD .build/obj_lords_rex60_lite_v2/./lib/pico-sdk/src/rp2_common/hardware_claim/claim.o
LOAD .build/obj_lords_rex60_lite_v2/./lib/pico-sdk/src/rp2_common/hardware_watchdog/watchdog.o
LOAD .build/obj_lords_rex60_lite_v2/./lib/pico-sdk/src/rp2_common/hardware_xosc/xosc.o
LOAD .build/obj_lords_rex60_lite_v2/./lib/pico-sdk/src/rp2_common/pico_bootrom/bootrom.o
LOAD .build/obj_lords_rex60_lite_v2/platforms/chibios/vendors/RP/stage2_bootloaders.o
LOAD .build/obj_lords_rex60_lite_v2/platforms/chibios/vendors/RP/pico_sdk_shims.o
LOAD .build/obj_lords_rex60_lite_v2/./lib/pico-sdk/src/rp2_common/pico_divider/divider.o
LOAD .build/obj_lords_rex60_lite_v2/./lib/pico-sdk/src/rp2_common/pico_int64_ops/pico_int64_ops_aeabi.o
                0x00000800                        __process_stack_size__ = 0x800
                0x00000400                        __main_stack_size__ = 0x400
LOAD c:/qmk_msys/mingw64/bin/../lib/gcc/arm-none-eabi/12.2.0/../../../../arm-none-eabi/lib/thumb/v6-m/nofp\libm.a
START GROUP
LOAD c:/qmk_msys/mingw64/bin/../lib/gcc/arm-none-eabi/12.2.0/thumb/v6-m/nofp\libgcc.a
LOAD c:/qmk_msys/mingw64/bin/../lib/gcc/arm-none-eabi/12.2.0/../../../../arm-none-eabi/lib/thumb/v6-m/nofp\libg_nano.a
LOAD c:/qmk_msys/mingw64/bin/../lib/gcc/arm-none-eabi/12.2.0/../../../../arm-none-eabi/lib/thumb/v6-m/nofp\libc_nano.a
END GROUP
START GROUP
LOAD c:/qmk_msys/mingw64/bin/../lib/gcc/arm-none-eabi/12.2.0/thumb/v6-m/nofp\libgcc.a
LOAD c:/qmk_msys/mingw64/bin/../lib/gcc/arm-none-eabi/12.2.0/../../../../arm-none-eabi/lib/thumb/v6-m/nofp\libc_nano.a
END GROUP

.flash_begin    0x10000000        0x0
                0x10000000                        __flash_binary_start = .

.boot2          0x10000000      0x100
                0x10000000                        __boot2_start__ = .
 *(.boot2)
 .boot2         0x10000000      0x100 .build/obj_lords_rex60_lite_v2/platforms/chibios/vendors/RP/stage2_bootloaders.o
                0x10000000                BOOT2_ROM
                0x10000100                        __boot2_end__ = .

.mstack         0x20040000      0x400
                0x20040000                        . = ALIGN (0x8)
                0x20040000                        __main_stack_base__ = .
                0x20040400                        . = (. + __main_stack_size__)
 *fill*         0x20040000      0x400 
                0x20040400                        . = ALIGN (0x8)
                0x20040400                        __main_stack_end__ = .

.pstack         0x20040400      0x800
                0x20040400                        . = ALIGN (0x8)
                0x20040400                        __process_stack_base__ = .
                0x20040400                        __main_thread_stack_base__ = .
                0x20040c00                        . = (. + __process_stack_size__)
 *fill*         0x20040400      0x800 
                0x20040c00                        . = ALIGN (0x8)
                0x20040c00                        __process_stack_end__ = .
                0x20040c00                        __main_thread_stack_end__ = .
                0x00000400                        __c1_main_stack_size__ = __main_stack_size__
                0x00000800                        __c1_process_stack_size__ = __process_stack_size__

.c1_mstack      0x20041000      0x400
                0x20041000                        . = ALIGN (0x8)
                0x20041000                        __c1_main_stack_base__ = .
                0x20041400                        . = (. + __c1_main_stack_size__)
 *fill*         0x20041000      0x400 
                0x20041400                        . = ALIGN (0x8)
                0x20041400                        __c1_main_stack_end__ = .

.c1_pstack      0x20041400      0x800
                0x20041400                        . = ALIGN (0x8)
                0x20041400                        __c1_process_stack_base__ = .
                0x20041400                        __c1_main_thread_stack_base__ = .
                0x20041c00                        . = (. + __c1_process_stack_size__)
 *fill*         0x20041400      0x800 
                0x20041c00                        . = ALIGN (0x8)
                0x20041c00                        __c1_process_stack_end__ = .
                0x20041c00                        __c1_main_thread_stack_end__ = .

.vectors        0x10000100       0xc0
                0x10000100                        __textvectors_base__ = LOADADDR (.vectors)
                0x10000100                        __vectors_base__ = .
 *(.vectors)
 .vectors       0x10000100       0xc0 .build/obj_lords_rex60_lite_v2_keymap_split/./lib/chibios/os/common/startup/ARMCMx/compilers/GCC/vectors.o
                0x10000100                _vectors
                0x100001c0                        __vectors_end__ = .

.xtors          0x100001c0        0x0
                0x100001c0                        __init_array_base__ = .
 *(SORT_BY_NAME(.init_array.*))
 *(.init_array)
                0x100001c0                        __init_array_end__ = .
                0x100001c0                        __fini_array_base__ = .
 *(.fini_array)
 *(SORT_BY_NAME(.fini_array.*))
                0x100001c0                        __fini_array_end__ = .

.text           0x100001c0     0x5a20
                0x100001c0                        __text_base__ = .
 *(.text)
 .text          0x100001c0      0x104 .build/obj_lords_rex60_lite_v2_keymap_split/./lib/chibios/os/common/startup/ARMCMx/compilers/GCC/crt0_v6m.o
                0x100001c0                _crt0_entry
 .text          0x100002c4        0x8 .build/obj_lords_rex60_lite_v2_keymap_split/./lib/chibios/os/common/startup/ARMCMx/compilers/GCC/vectors.o
                0x100002c4                Reset_Handler
                0x100002c6                Vector9C
                0x100002c6                VectorAC
                0x100002c6                DebugMon_Handler
                0x100002c6                Vector5C
                0x100002c6                HardFault_Handler
                0x100002c6                Vector8C
                0x100002c6                SysTick_Handler
                0x100002c6                PendSV_Handler
                0x100002c6                Vector94
                0x100002c6                VectorA8
                0x100002c6                VectorB4
                0x100002c6                Vector74
                0x100002c6                UsageFault_Handler
                0x100002c6                VectorBC
                0x100002c6                Vector64
                0x100002c6                Vector58
                0x100002c6                Vector98
                0x100002c6                Vector24
                0x100002c6                Vector84
                0x100002c6                SecureFault_Handler
                0x100002c6                MemManage_Handler
                0x100002c6                Vector6C
                0x100002c6                VectorA0
                0x100002c6                SVC_Handler
                0x100002c6                VectorB0
                0x100002c6                Vector90
                0x100002c6                Vector60
                0x100002c6                Vector70
                0x100002c6                Vector68
                0x100002c6                Vector78
                0x100002c6                VectorA4
                0x100002c6                Vector88
                0x100002c6                BusFault_Handler
                0x100002c6                Vector50
                0x100002c6                Vector28
                0x100002c6                VectorB8
                0x100002c6                Vector34
                0x100002c6                Vector20
                0x100002ca                _unhandled_exception
 .text          0x100002cc       0x48 .build/obj_lords_rex60_lite_v2_keymap_split/./lib/chibios/os/common/ports/ARMv6-M-RP2/compilers/GCC/chcoreasm.o
                0x100002cc                __port_switch
                0x100002ec                __port_thread_start
                0x100002fe                __port_switch_from_isr
                0x10000302                __port_exit_from_isr
 .text          0x10000314       0x14 c:/qmk_msys/mingw64/bin/../lib/gcc/arm-none-eabi/12.2.0/thumb/v6-m/nofp\libgcc.a(_thumb1_case_sqi.o)
                0x10000314                __gnu_thumb1_case_sqi
 .text          0x10000328       0x14 c:/qmk_msys/mingw64/bin/../lib/gcc/arm-none-eabi/12.2.0/thumb/v6-m/nofp\libgcc.a(_thumb1_case_uqi.o)
                0x10000328                __gnu_thumb1_case_uqi
 .text          0x1000033c       0x14 c:/qmk_msys/mingw64/bin/../lib/gcc/arm-none-eabi/12.2.0/thumb/v6-m/nofp\libgcc.a(_thumb1_case_uhi.o)
                0x1000033c                __gnu_thumb1_case_uhi
 .text          0x10000350        0x4 c:/qmk_msys/mingw64/bin/../lib/gcc/arm-none-eabi/12.2.0/thumb/v6-m/nofp\libgcc.a(_dvmd_tls.o)
                0x10000350                __aeabi_idiv0
                0x10000350                __aeabi_ldiv0
 .text          0x10000354       0x44 c:/qmk_msys/mingw64/bin/../lib/gcc/arm-none-eabi/12.2.0/../../../../arm-none-eabi/lib/thumb/v6-m/nofp\libg_nano.a(libc_a-memcmp.o)
                0x10000354                memcmp
 .text          0x10000398       0xa8 c:/qmk_msys/mingw64/bin/../lib/gcc/arm-none-eabi/12.2.0/../../../../arm-none-eabi/lib/thumb/v6-m/nofp\libg_nano.a(libc_a-memset.o)
                0x10000398                memset
 .text          0x10000440       0x90 c:/qmk_msys/mingw64/bin/../lib/gcc/arm-none-eabi/12.2.0/../../../../arm-none-eabi/lib/thumb/v6-m/nofp\libg_nano.a(libc_a-memcpy-stub.o)
                0x10000440                memcpy
 *(.text.*)
 .text.led_update_kb
                0x100004d0       0x20 .build/obj_lords_rex60_lite_v2_keymap_split/keyboards/lords/rex60_lite_v2/rex60_lite_v2.o
                0x100004d0                led_update_kb
 .text.process_record_user
                0x100004f0       0x6c .build/obj_lords_rex60_lite_v2_keymap_split/quantum/keymap_introspection.o
                0x100004f0                process_record_user
 .text.keycode_at_keymap_location_raw
                0x1000055c       0x2c .build/obj_lords_rex60_lite_v2_keymap_split/quantum/keymap_introspection.o
                0x1000055c                keycode_at_keymap_location_raw
 .text.keycode_at_keymap_location
                0x10000588        0x8 .build/obj_lords_rex60_lite_v2_keymap_split/quantum/keymap_introspection.o
                0x10000588                keycode_at_keymap_location
 .text.pre_process_record_user
                0x10000590        0x4 .build/obj_lords_rex60_lite_v2_keymap_split/quantum/quantum.o
                0x10000590                pre_process_record_user
 .text.pre_process_record_kb
                0x10000594        0x8 .build/obj_lords_rex60_lite_v2_keymap_split/quantum/quantum.o
                0x10000594                pre_process_record_kb
 .text.process_action_kb
                0x1000059c        0x4 .build/obj_lords_rex60_lite_v2_keymap_split/quantum/quantum.o
                0x1000059c                process_action_kb
 .text.process_record_kb
                0x100005a0        0x8 .build/obj_lords_rex60_lite_v2_keymap_split/quantum/quantum.o
                0x100005a0                process_record_kb
 .text.post_process_record_user
                0x100005a8        0x2 .build/obj_lords_rex60_lite_v2_keymap_split/quantum/quantum.o
                0x100005a8                post_process_record_user
 .text.post_process_record_kb
                0x100005aa        0x8 .build/obj_lords_rex60_lite_v2_keymap_split/quantum/quantum.o
                0x100005aa                post_process_record_kb
 *fill*         0x100005b2        0x2 
 .text.get_event_keycode
                0x100005b4       0x4c .build/obj_lords_rex60_lite_v2_keymap_split/quantum/quantum.o
                0x100005b4                get_event_keycode
 .text.get_record_keycode
                0x10000600       0x16 .build/obj_lords_rex60_lite_v2_keymap_split/quantum/quantum.o
                0x10000600                get_record_keycode
 .text.pre_process_record_quantum
                0x10000616       0x12 .build/obj_lords_rex60_lite_v2_keymap_split/quantum/quantum.o
                0x10000616                pre_process_record_quantum
 .text.post_process_record_quantum
                0x10000628       0x12 .build/obj_lords_rex60_lite_v2_keymap_split/quantum/quantum.o
                0x10000628                post_process_record_quantum
 .text.shutdown_user
                0x1000063a        0x2 .build/obj_lords_rex60_lite_v2_keymap_split/quantum/quantum.o
                0x1000063a                shutdown_user
 .text.shutdown_quantum
                0x1000063c       0x18 .build/obj_lords_rex60_lite_v2_keymap_split/quantum/quantum.o
                0x1000063c                shutdown_quantum
 .text.reset_keyboard
                0x10000654        0xc .build/obj_lords_rex60_lite_v2_keymap_split/quantum/quantum.o
                0x10000654                reset_keyboard
 .text.soft_reset_keyboard
                0x10000660        0xc .build/obj_lords_rex60_lite_v2_keymap_split/quantum/quantum.o
                0x10000660                soft_reset_keyboard
 .text.process_record_quantum_helper
                0x1000066c       0xa0 .build/obj_lords_rex60_lite_v2_keymap_split/quantum/quantum.o
                0x1000066c                process_record_quantum_helper
 .text.process_record_quantum
                0x1000070c       0x12 .build/obj_lords_rex60_lite_v2_keymap_split/quantum/quantum.o
                0x1000070c                process_record_quantum
 .text.suspend_power_down_quantum
                0x1000071e        0xc .build/obj_lords_rex60_lite_v2_keymap_split/quantum/quantum.o
                0x1000071e                suspend_power_down_quantum
 .text.suspend_wakeup_init_quantum
                0x1000072a        0xc .build/obj_lords_rex60_lite_v2_keymap_split/quantum/quantum.o
                0x1000072a                suspend_wakeup_init_quantum
 .text.led_set_user
                0x10000736        0x2 .build/obj_lords_rex60_lite_v2_keymap_split/quantum/led.o
                0x10000736                led_set_user
 .text.led_update_user
                0x10000738        0x4 .build/obj_lords_rex60_lite_v2_keymap_split/quantum/led.o
                0x10000738                led_update_user
 .text.led_init_ports
                0x1000073c        0x2 .build/obj_lords_rex60_lite_v2_keymap_split/quantum/led.o
                0x1000073c                led_init_ports
 .text.led_set  0x1000073e       0x10 .build/obj_lords_rex60_lite_v2_keymap_split/quantum/led.o
                0x1000073e                led_set
 .text.led_suspend
                0x1000074e        0xa .build/obj_lords_rex60_lite_v2_keymap_split/quantum/led.o
                0x1000074e                led_suspend
 .text.led_wakeup
                0x10000758        0xc .build/obj_lords_rex60_lite_v2_keymap_split/quantum/led.o
                0x10000758                led_wakeup
 .text.led_task
                0x10000764       0x2c .build/obj_lords_rex60_lite_v2_keymap_split/quantum/led.o
                0x10000764                led_task
 .text.action_exec
                0x10000790       0x6c .build/obj_lords_rex60_lite_v2_keymap_split/quantum/action.o
                0x10000790                action_exec
 .text.process_record_tap_hint
                0x100007fc       0x10 .build/obj_lords_rex60_lite_v2_keymap_split/quantum/action.o
                0x100007fc                process_record_tap_hint
 .text.register_mouse
                0x1000080c       0x16 .build/obj_lords_rex60_lite_v2_keymap_split/quantum/action.o
                0x1000080c                register_mouse
 *fill*         0x10000822        0x2 
 .text.register_code
                0x10000824       0x94 .build/obj_lords_rex60_lite_v2_keymap_split/quantum/action.o
                0x10000824                register_code
 .text.unregister_code
                0x100008b8       0x6a .build/obj_lords_rex60_lite_v2_keymap_split/quantum/action.o
                0x100008b8                unregister_code
 .text.tap_code_delay
                0x10000922       0x26 .build/obj_lords_rex60_lite_v2_keymap_split/quantum/action.o
                0x10000922                tap_code_delay
 .text.tap_code
                0x10000948       0x10 .build/obj_lords_rex60_lite_v2_keymap_split/quantum/action.o
                0x10000948                tap_code
 .text.register_mods
                0x10000958       0x10 .build/obj_lords_rex60_lite_v2_keymap_split/quantum/action.o
                0x10000958                register_mods
 .text.unregister_mods
                0x10000968       0x10 .build/obj_lords_rex60_lite_v2_keymap_split/quantum/action.o
                0x10000968                unregister_mods
 .text.process_action
                0x10000978      0x408 .build/obj_lords_rex60_lite_v2_keymap_split/quantum/action.o
                0x10000978                process_action
 .text.process_record_handler
                0x10000d80       0x20 .build/obj_lords_rex60_lite_v2_keymap_split/quantum/action.o
                0x10000d80                process_record_handler
 .text.process_record
                0x10000da0       0x44 .build/obj_lords_rex60_lite_v2_keymap_split/quantum/action.o
                0x10000da0                process_record
 .text.clear_keyboard_but_mods_and_keys
                0x10000de4       0x20 .build/obj_lords_rex60_lite_v2_keymap_split/quantum/action.o
                0x10000de4                clear_keyboard_but_mods_and_keys
 .text.clear_keyboard_but_mods
                0x10000e04        0xc .build/obj_lords_rex60_lite_v2_keymap_split/quantum/action.o
                0x10000e04                clear_keyboard_but_mods
 .text.clear_keyboard
                0x10000e10        0xc .build/obj_lords_rex60_lite_v2_keymap_split/quantum/action.o
                0x10000e10                clear_keyboard
 .text.is_tap_action
                0x10000e1c       0x4c .build/obj_lords_rex60_lite_v2_keymap_split/quantum/action.o
                0x10000e1c                is_tap_action
 .text.is_tap_record
                0x10000e68       0x18 .build/obj_lords_rex60_lite_v2_keymap_split/quantum/action.o
                0x10000e68                is_tap_record
 .text.debug_event
                0x10000e80        0x6 .build/obj_lords_rex60_lite_v2_keymap_split/quantum/action.o
                0x10000e80                debug_event
 .text.debug_record
                0x10000e86        0x6 .build/obj_lords_rex60_lite_v2_keymap_split/quantum/action.o
                0x10000e86                debug_record
 .text.default_layer_state_set_user
                0x10000e8c        0x2 .build/obj_lords_rex60_lite_v2_keymap_split/quantum/action_layer.o
                0x10000e8c                default_layer_state_set_user
 .text.default_layer_state_set_kb
                0x10000e8e        0x8 .build/obj_lords_rex60_lite_v2_keymap_split/quantum/action_layer.o
                0x10000e8e                default_layer_state_set_kb
 *fill*         0x10000e96        0x2 
 .text.default_layer_state_set
                0x10000e98       0x10 .build/obj_lords_rex60_lite_v2_keymap_split/quantum/action_layer.o
 .text.default_layer_debug
                0x10000ea8        0x2 .build/obj_lords_rex60_lite_v2_keymap_split/quantum/action_layer.o
                0x10000ea8                default_layer_debug
 .text.default_layer_set
                0x10000eaa        0x8 .build/obj_lords_rex60_lite_v2_keymap_split/quantum/action_layer.o
                0x10000eaa                default_layer_set
 *fill*         0x10000eb2        0x2 
 .text.default_layer_or
                0x10000eb4       0x14 .build/obj_lords_rex60_lite_v2_keymap_split/quantum/action_layer.o
                0x10000eb4                default_layer_or
 .text.default_layer_and
                0x10000ec8       0x14 .build/obj_lords_rex60_lite_v2_keymap_split/quantum/action_layer.o
                0x10000ec8                default_layer_and
 .text.default_layer_xor
                0x10000edc       0x14 .build/obj_lords_rex60_lite_v2_keymap_split/quantum/action_layer.o
                0x10000edc                default_layer_xor
 .text.layer_state_set_user
                0x10000ef0        0x2 .build/obj_lords_rex60_lite_v2_keymap_split/quantum/action_layer.o
                0x10000ef0                layer_state_set_user
 .text.layer_state_set_kb
                0x10000ef2        0x8 .build/obj_lords_rex60_lite_v2_keymap_split/quantum/action_layer.o
                0x10000ef2                layer_state_set_kb
 *fill*         0x10000efa        0x2 
 .text.layer_state_set
                0x10000efc       0x10 .build/obj_lords_rex60_lite_v2_keymap_split/quantum/action_layer.o
                0x10000efc                layer_state_set
 .text.layer_clear
                0x10000f0c        0xa .build/obj_lords_rex60_lite_v2_keymap_split/quantum/action_layer.o
                0x10000f0c                layer_clear
 .text.layer_move
                0x10000f16        0xe .build/obj_lords_rex60_lite_v2_keymap_split/quantum/action_layer.o
                0x10000f16                layer_move
 .text.layer_on
                0x10000f24       0x18 .build/obj_lords_rex60_lite_v2_keymap_split/quantum/action_layer.o
                0x10000f24                layer_on
 .text.layer_off
                0x10000f3c       0x18 .build/obj_lords_rex60_lite_v2_keymap_split/quantum/action_layer.o
                0x10000f3c                layer_off
 .text.layer_invert
                0x10000f54       0x18 .build/obj_lords_rex60_lite_v2_keymap_split/quantum/action_layer.o
                0x10000f54                layer_invert
 .text.layer_or
                0x10000f6c       0x14 .build/obj_lords_rex60_lite_v2_keymap_split/quantum/action_layer.o
                0x10000f6c                layer_or
 .text.layer_and
                0x10000f80       0x14 .build/obj_lords_rex60_lite_v2_keymap_split/quantum/action_layer.o
                0x10000f80                layer_and
 .text.layer_xor
                0x10000f94       0x14 .build/obj_lords_rex60_lite_v2_keymap_split/quantum/action_layer.o
                0x10000f94                layer_xor
 .text.layer_debug
                0x10000fa8        0x2 .build/obj_lords_rex60_lite_v2_keymap_split/quantum/action_layer.o
                0x10000fa8                layer_debug
 .text.update_source_layers_cache_impl
                0x10000faa       0x30 .build/obj_lords_rex60_lite_v2_keymap_split/quantum/action_layer.o
                0x10000faa                update_source_layers_cache_impl
 .text.read_source_layers_cache_impl
                0x10000fda       0x26 .build/obj_lords_rex60_lite_v2_keymap_split/quantum/action_layer.o
                0x10000fda                read_source_layers_cache_impl
 .text.update_source_layers_cache
                0x10001000       0x28 .build/obj_lords_rex60_lite_v2_keymap_split/quantum/action_layer.o
                0x10001000                update_source_layers_cache
 .text.read_source_layers_cache
                0x10001028       0x28 .build/obj_lords_rex60_lite_v2_keymap_split/quantum/action_layer.o
                0x10001028                read_source_layers_cache
 .text.layer_switch_get_layer
                0x10001050       0x44 .build/obj_lords_rex60_lite_v2_keymap_split/quantum/action_layer.o
                0x10001050                layer_switch_get_layer
 .text.layer_switch_get_action
                0x10001094       0x14 .build/obj_lords_rex60_lite_v2_keymap_split/quantum/action_layer.o
                0x10001094                layer_switch_get_action
 .text.store_or_get_action
                0x100010a8       0x44 .build/obj_lords_rex60_lite_v2_keymap_split/quantum/action_layer.o
                0x100010a8                store_or_get_action
 .text.debug_waiting_buffer
                0x100010ec       0x40 .build/obj_lords_rex60_lite_v2_keymap_split/quantum/action_tapping.o
 .text.debug_tapping_key
                0x1000112c       0x20 .build/obj_lords_rex60_lite_v2_keymap_split/quantum/action_tapping.o
 .text.waiting_buffer_scan_tap
                0x1000114c       0x7c .build/obj_lords_rex60_lite_v2_keymap_split/quantum/action_tapping.o
 .text.waiting_buffer_typed.isra.0
                0x100011c8       0x48 .build/obj_lords_rex60_lite_v2_keymap_split/quantum/action_tapping.o
 .text.process_tapping
                0x10001210      0x258 .build/obj_lords_rex60_lite_v2_keymap_split/quantum/action_tapping.o
 .text.action_tapping_process
                0x10001468       0xc0 .build/obj_lords_rex60_lite_v2_keymap_split/quantum/action_tapping.o
                0x10001468                action_tapping_process
 .text.add_key  0x10001528       0x14 .build/obj_lords_rex60_lite_v2_keymap_split/quantum/action_util.o
                0x10001528                add_key
 .text.del_key  0x1000153c       0x14 .build/obj_lords_rex60_lite_v2_keymap_split/quantum/action_util.o
                0x1000153c                del_key
 .text.clear_keys
                0x10001550       0x10 .build/obj_lords_rex60_lite_v2_keymap_split/quantum/action_util.o
                0x10001550                clear_keys
 .text.has_oneshot_mods_timed_out
                0x10001560       0x20 .build/obj_lords_rex60_lite_v2_keymap_split/quantum/action_util.o
                0x10001560                has_oneshot_mods_timed_out
 .text.get_oneshot_layer
                0x10001580        0xc .build/obj_lords_rex60_lite_v2_keymap_split/quantum/action_util.o
                0x10001580                get_oneshot_layer
 .text.get_oneshot_layer_state
                0x1000158c       0x10 .build/obj_lords_rex60_lite_v2_keymap_split/quantum/action_util.o
                0x1000158c                get_oneshot_layer_state
 .text.has_oneshot_layer_timed_out
                0x1000159c       0x30 .build/obj_lords_rex60_lite_v2_keymap_split/quantum/action_util.o
                0x1000159c                has_oneshot_layer_timed_out
 .text.is_oneshot_layer_active
                0x100015cc       0x14 .build/obj_lords_rex60_lite_v2_keymap_split/quantum/action_util.o
                0x100015cc                is_oneshot_layer_active
 .text.get_mods
                0x100015e0        0xc .build/obj_lords_rex60_lite_v2_keymap_split/quantum/action_util.o
                0x100015e0                get_mods
 .text.add_mods
                0x100015ec       0x10 .build/obj_lords_rex60_lite_v2_keymap_split/quantum/action_util.o
                0x100015ec                add_mods
 .text.del_mods
                0x100015fc       0x10 .build/obj_lords_rex60_lite_v2_keymap_split/quantum/action_util.o
                0x100015fc                del_mods
 .text.clear_mods
                0x1000160c        0xc .build/obj_lords_rex60_lite_v2_keymap_split/quantum/action_util.o
                0x1000160c                clear_mods
 .text.add_weak_mods
                0x10001618       0x10 .build/obj_lords_rex60_lite_v2_keymap_split/quantum/action_util.o
                0x10001618                add_weak_mods
 .text.del_weak_mods
                0x10001628       0x10 .build/obj_lords_rex60_lite_v2_keymap_split/quantum/action_util.o
                0x10001628                del_weak_mods
 .text.clear_weak_mods
                0x10001638        0xc .build/obj_lords_rex60_lite_v2_keymap_split/quantum/action_util.o
                0x10001638                clear_weak_mods
 .text.oneshot_locked_mods_changed_user
                0x10001644        0x2 .build/obj_lords_rex60_lite_v2_keymap_split/quantum/action_util.o
                0x10001644                oneshot_locked_mods_changed_user
 .text.oneshot_locked_mods_changed_kb
                0x10001646        0x8 .build/obj_lords_rex60_lite_v2_keymap_split/quantum/action_util.o
                0x10001646                oneshot_locked_mods_changed_kb
 *fill*         0x1000164e        0x2 
 .text.add_oneshot_locked_mods
                0x10001650       0x20 .build/obj_lords_rex60_lite_v2_keymap_split/quantum/action_util.o
                0x10001650                add_oneshot_locked_mods
 .text.del_oneshot_locked_mods
                0x10001670       0x1c .build/obj_lords_rex60_lite_v2_keymap_split/quantum/action_util.o
                0x10001670                del_oneshot_locked_mods
 .text.oneshot_mods_changed_user
                0x1000168c        0x2 .build/obj_lords_rex60_lite_v2_keymap_split/quantum/action_util.o
                0x1000168c                oneshot_mods_changed_user
 .text.oneshot_mods_changed_kb
                0x1000168e        0x8 .build/obj_lords_rex60_lite_v2_keymap_split/quantum/action_util.o
                0x1000168e                oneshot_mods_changed_kb
 *fill*         0x10001696        0x2 
 .text.add_oneshot_mods
                0x10001698       0x2c .build/obj_lords_rex60_lite_v2_keymap_split/quantum/action_util.o
                0x10001698                add_oneshot_mods
 .text.del_oneshot_mods
                0x100016c4       0x2c .build/obj_lords_rex60_lite_v2_keymap_split/quantum/action_util.o
                0x100016c4                del_oneshot_mods
 .text.clear_oneshot_mods
                0x100016f0       0x20 .build/obj_lords_rex60_lite_v2_keymap_split/quantum/action_util.o
                0x100016f0                clear_oneshot_mods
 .text.send_keyboard_report
                0x10001710       0x74 .build/obj_lords_rex60_lite_v2_keymap_split/quantum/action_util.o
                0x10001710                send_keyboard_report
 .text.oneshot_layer_changed_user
                0x10001784        0x2 .build/obj_lords_rex60_lite_v2_keymap_split/quantum/action_util.o
                0x10001784                oneshot_layer_changed_user
 .text.oneshot_layer_changed_kb
                0x10001786        0x8 .build/obj_lords_rex60_lite_v2_keymap_split/quantum/action_util.o
                0x10001786                oneshot_layer_changed_kb
 *fill*         0x1000178e        0x2 
 .text.set_oneshot_layer
                0x10001790       0x3c .build/obj_lords_rex60_lite_v2_keymap_split/quantum/action_util.o
                0x10001790                set_oneshot_layer
 .text.reset_oneshot_layer
                0x100017cc       0x1c .build/obj_lords_rex60_lite_v2_keymap_split/quantum/action_util.o
                0x100017cc                reset_oneshot_layer
 .text.clear_oneshot_layer_state
                0x100017e8       0x30 .build/obj_lords_rex60_lite_v2_keymap_split/quantum/action_util.o
                0x100017e8                clear_oneshot_layer_state
 .text.oneshot_set
                0x10001818       0x30 .build/obj_lords_rex60_lite_v2_keymap_split/quantum/action_util.o
                0x10001818                oneshot_set
 .text.oneshot_toggle
                0x10001848       0x18 .build/obj_lords_rex60_lite_v2_keymap_split/quantum/action_util.o
                0x10001848                oneshot_toggle
 .text.oneshot_enable
                0x10001860        0xa .build/obj_lords_rex60_lite_v2_keymap_split/quantum/action_util.o
                0x10001860                oneshot_enable
 .text.oneshot_disable
                0x1000186a        0xa .build/obj_lords_rex60_lite_v2_keymap_split/quantum/action_util.o
                0x1000186a                oneshot_disable
 .text.eeconfig_disable
                0x10001874       0x14 .build/obj_lords_rex60_lite_v2_keymap_split/quantum/eeconfig.o
                0x10001874                eeconfig_disable
 .text.eeconfig_is_enabled
                0x10001888       0x18 .build/obj_lords_rex60_lite_v2_keymap_split/quantum/eeconfig.o
                0x10001888                eeconfig_is_enabled
 .text.eeconfig_read_debug
                0x100018a0        0xa .build/obj_lords_rex60_lite_v2_keymap_split/quantum/eeconfig.o
                0x100018a0                eeconfig_read_debug
 .text.eeconfig_read_default_layer
                0x100018aa        0xa .build/obj_lords_rex60_lite_v2_keymap_split/quantum/eeconfig.o
                0x100018aa                eeconfig_read_default_layer
 .text.eeconfig_read_keymap
                0x100018b4        0xa .build/obj_lords_rex60_lite_v2_keymap_split/quantum/eeconfig.o
                0x100018b4                eeconfig_read_keymap
 .text.eeconfig_update_keymap
                0x100018be        0xc .build/obj_lords_rex60_lite_v2_keymap_split/quantum/eeconfig.o
                0x100018be                eeconfig_update_keymap
 .text.eeconfig_update_kb
                0x100018ca        0xc .build/obj_lords_rex60_lite_v2_keymap_split/quantum/eeconfig.o
                0x100018ca                eeconfig_update_kb
 .text.eeconfig_update_user
                0x100018d6        0xc .build/obj_lords_rex60_lite_v2_keymap_split/quantum/eeconfig.o
                0x100018d6                eeconfig_update_user
 .text.eeconfig_init_user
                0x100018e2        0xa .build/obj_lords_rex60_lite_v2_keymap_split/quantum/eeconfig.o
                0x100018e2                eeconfig_init_user
 .text.eeconfig_init_kb
                0x100018ec        0xe .build/obj_lords_rex60_lite_v2_keymap_split/quantum/eeconfig.o
                0x100018ec                eeconfig_init_kb
 *fill*         0x100018fa        0x2 
 .text.eeconfig_init_quantum
                0x100018fc       0x90 .build/obj_lords_rex60_lite_v2_keymap_split/quantum/eeconfig.o
                0x100018fc                eeconfig_init_quantum
 .text.eeconfig_init
                0x1000198c        0x8 .build/obj_lords_rex60_lite_v2_keymap_split/quantum/eeconfig.o
                0x1000198c                eeconfig_init
 .text.eeconfig_update_handedness
                0x10001994        0xc .build/obj_lords_rex60_lite_v2_keymap_split/quantum/eeconfig.o
                0x10001994                eeconfig_update_handedness
 .text.generate_tick_event
                0x100019a0       0x30 .build/obj_lords_rex60_lite_v2_keymap_split/quantum/keyboard.o
 .text.last_matrix_activity_trigger
                0x100019d0       0x18 .build/obj_lords_rex60_lite_v2_keymap_split/quantum/keyboard.o
                0x100019d0                last_matrix_activity_trigger
 .text.matrix_setup
                0x100019e8        0x2 .build/obj_lords_rex60_lite_v2_keymap_split/quantum/keyboard.o
                0x100019e8                matrix_setup
 .text.keyboard_pre_init_user
                0x100019ea        0x2 .build/obj_lords_rex60_lite_v2_keymap_split/quantum/keyboard.o
                0x100019ea                keyboard_pre_init_user
 .text.keyboard_pre_init_kb
                0x100019ec        0x8 .build/obj_lords_rex60_lite_v2_keymap_split/quantum/keyboard.o
                0x100019ec                keyboard_pre_init_kb
 .text.keyboard_post_init_user
                0x100019f4        0x2 .build/obj_lords_rex60_lite_v2_keymap_split/quantum/keyboard.o
                0x100019f4                keyboard_post_init_user
 .text.keyboard_post_init_kb
                0x100019f6        0x8 .build/obj_lords_rex60_lite_v2_keymap_split/quantum/keyboard.o
                0x100019f6                keyboard_post_init_kb
 .text.matrix_can_read
                0x100019fe        0x4 .build/obj_lords_rex60_lite_v2_keymap_split/quantum/keyboard.o
                0x100019fe                matrix_can_read
 *fill*         0x10001a02        0x2 
 .text.keyboard_setup
                0x10001a04       0x1c .build/obj_lords_rex60_lite_v2_keymap_split/quantum/keyboard.o
                0x10001a04                keyboard_setup
 .text.is_keyboard_master
                0x10001a20        0x4 .build/obj_lords_rex60_lite_v2_keymap_split/quantum/keyboard.o
                0x10001a20                is_keyboard_master
 .text.should_process_keypress
                0x10001a24        0x8 .build/obj_lords_rex60_lite_v2_keymap_split/quantum/keyboard.o
                0x10001a24                should_process_keypress
 .text.housekeeping_task_kb
                0x10001a2c        0x2 .build/obj_lords_rex60_lite_v2_keymap_split/quantum/keyboard.o
                0x10001a2c                housekeeping_task_kb
 .text.housekeeping_task_user
                0x10001a2e        0x2 .build/obj_lords_rex60_lite_v2_keymap_split/quantum/keyboard.o
                0x10001a2e                housekeeping_task_user
 .text.housekeeping_task
                0x10001a30        0xc .build/obj_lords_rex60_lite_v2_keymap_split/quantum/keyboard.o
                0x10001a30                housekeeping_task
 .text.quantum_init
                0x10001a3c        0xc .build/obj_lords_rex60_lite_v2_keymap_split/quantum/keyboard.o
                0x10001a3c                quantum_init
 .text.keyboard_init
                0x10001a48       0x14 .build/obj_lords_rex60_lite_v2_keymap_split/quantum/keyboard.o
                0x10001a48                keyboard_init
 .text.keyboard_task
                0x10001a5c       0xc8 .build/obj_lords_rex60_lite_v2_keymap_split/quantum/keyboard.o
                0x10001a5c                keyboard_task
 .text.action_for_keycode
                0x10001b24      0x1d0 .build/obj_lords_rex60_lite_v2_keymap_split/quantum/keymap_common.o
                0x10001b24                action_for_keycode
 .text.keymap_key_to_keycode
                0x10001cf4       0x20 .build/obj_lords_rex60_lite_v2_keymap_split/quantum/keymap_common.o
                0x10001cf4                keymap_key_to_keycode
 .text.action_for_key
                0x10001d14       0x12 .build/obj_lords_rex60_lite_v2_keymap_split/quantum/keymap_common.o
                0x10001d14                action_for_key
 *fill*         0x10001d26        0x2 
 .text.keycode_config
                0x10001d28      0x100 .build/obj_lords_rex60_lite_v2_keymap_split/quantum/keycode_config.o
                0x10001d28                keycode_config
 .text.mod_config
                0x10001e28       0xa8 .build/obj_lords_rex60_lite_v2_keymap_split/quantum/keycode_config.o
                0x10001e28                mod_config
 .text.sendchar
                0x10001ed0        0x4 .build/obj_lords_rex60_lite_v2_keymap_split/quantum/logging/sendchar.o
                0x10001ed0                sendchar
 .text.null_sendchar_func
                0x10001ed4        0x4 .build/obj_lords_rex60_lite_v2_keymap_split/quantum/logging/print.o
 .text.print_set_sendchar
                0x10001ed8        0xc .build/obj_lords_rex60_lite_v2_keymap_split/quantum/logging/print.o
                0x10001ed8                print_set_sendchar
 .text.bootmagic_lite_reset_eeprom
                0x10001ee4        0x8 .build/obj_lords_rex60_lite_v2_keymap_split/quantum/bootmagic/bootmagic_lite.o
                0x10001ee4                bootmagic_lite_reset_eeprom
 .text.bootmagic_lite
                0x10001eec       0x28 .build/obj_lords_rex60_lite_v2_keymap_split/quantum/bootmagic/bootmagic_lite.o
                0x10001eec                bootmagic_lite
 .text.bootmagic
                0x10001f14        0x8 .build/obj_lords_rex60_lite_v2_keymap_split/quantum/bootmagic/bootmagic_lite.o
                0x10001f14                bootmagic
 .text.magic    0x10001f1c       0x40 .build/obj_lords_rex60_lite_v2_keymap_split/quantum/bootmagic/magic.o
                0x10001f1c                magic
 .text.matrix_init_user
                0x10001f5c        0x2 .build/obj_lords_rex60_lite_v2_keymap_split/quantum/matrix_common.o
                0x10001f5c                matrix_init_user
 .text.matrix_init_kb
                0x10001f5e        0x8 .build/obj_lords_rex60_lite_v2_keymap_split/quantum/matrix_common.o
                0x10001f5e                matrix_init_kb
 .text.matrix_scan_user
                0x10001f66        0x2 .build/obj_lords_rex60_lite_v2_keymap_split/quantum/matrix_common.o
                0x10001f66                matrix_scan_user
 .text.matrix_scan_kb
                0x10001f68        0x8 .build/obj_lords_rex60_lite_v2_keymap_split/quantum/matrix_common.o
                0x10001f68                matrix_scan_kb
 .text.matrix_get_row
                0x10001f70        0xc .build/obj_lords_rex60_lite_v2_keymap_split/quantum/matrix_common.o
                0x10001f70                matrix_get_row
 .text.matrix_print
                0x10001f7c        0x2 .build/obj_lords_rex60_lite_v2_keymap_split/quantum/matrix_common.o
                0x10001f7c                matrix_print
 .text.matrix_io_delay
                0x10001f7e        0xa .build/obj_lords_rex60_lite_v2_keymap_split/quantum/matrix_common.o
                0x10001f7e                matrix_io_delay
 .text.matrix_output_select_delay
                0x10001f88      0x184 .build/obj_lords_rex60_lite_v2_keymap_split/quantum/matrix_common.o
                0x10001f88                matrix_output_select_delay
 .text.matrix_output_unselect_delay
                0x1000210c        0x8 .build/obj_lords_rex60_lite_v2_keymap_split/quantum/matrix_common.o
                0x1000210c                matrix_output_unselect_delay
 .text.setPinInputHigh_atomic
                0x10002114       0x44 .build/obj_lords_rex60_lite_v2_keymap_split/quantum/matrix.o
 .text.matrix_init_pins
                0x10002158       0x3c .build/obj_lords_rex60_lite_v2_keymap_split/quantum/matrix.o
                0x10002158                matrix_init_pins
 .text.matrix_read_cols_on_row
                0x10002194       0xbc .build/obj_lords_rex60_lite_v2_keymap_split/quantum/matrix.o
                0x10002194                matrix_read_cols_on_row
 .text.matrix_init
                0x10002250       0x30 .build/obj_lords_rex60_lite_v2_keymap_split/quantum/matrix.o
                0x10002250                matrix_init
 .text.matrix_scan
                0x10002280       0x64 .build/obj_lords_rex60_lite_v2_keymap_split/quantum/matrix.o
                0x10002280                matrix_scan
 .text.debounce_init
                0x100022e4        0x2 .build/obj_lords_rex60_lite_v2_keymap_split/quantum/debounce/sym_defer_g.o
                0x100022e4                debounce_init
 *fill*         0x100022e6        0x2 
 .text.debounce
                0x100022e8       0x64 .build/obj_lords_rex60_lite_v2_keymap_split/quantum/debounce/sym_defer_g.o
                0x100022e8                debounce
 .text.protocol_init
                0x1000234c       0x10 .build/obj_lords_rex60_lite_v2_keymap_split/quantum/main.o
                0x1000234c                protocol_init
 .text.protocol_task
                0x1000235c       0x10 .build/obj_lords_rex60_lite_v2_keymap_split/quantum/main.o
                0x1000235c                protocol_task
 .text.startup.main
                0x1000236c       0x1c .build/obj_lords_rex60_lite_v2_keymap_split/quantum/main.o
                0x1000236c                main
 .text.move_unit
                0x10002388       0x6c .build/obj_lords_rex60_lite_v2_keymap_split/quantum/mousekey.o
 .text.wheel_unit
                0x100023f4       0x68 .build/obj_lords_rex60_lite_v2_keymap_split/quantum/mousekey.o
 .text.mousekey_on
                0x1000245c       0xac .build/obj_lords_rex60_lite_v2_keymap_split/quantum/mousekey.o
                0x1000245c                mousekey_on
 .text.mousekey_off
                0x10002508       0xe8 .build/obj_lords_rex60_lite_v2_keymap_split/quantum/mousekey.o
                0x10002508                mousekey_off
 .text.mousekey_send
                0x100025f0       0x34 .build/obj_lords_rex60_lite_v2_keymap_split/quantum/mousekey.o
                0x100025f0                mousekey_send
 .text.mousekey_clear
                0x10002624       0x2c .build/obj_lords_rex60_lite_v2_keymap_split/quantum/mousekey.o
                0x10002624                mousekey_clear
 .text.should_mousekey_report_send
                0x10002650       0x26 .build/obj_lords_rex60_lite_v2_keymap_split/quantum/mousekey.o
                0x10002650                should_mousekey_report_send
 *fill*         0x10002676        0x2 
 .text.mousekey_task
                0x10002678      0x19c .build/obj_lords_rex60_lite_v2_keymap_split/quantum/mousekey.o
                0x10002678                mousekey_task
 .text.eeprom_read_byte
                0x10002814       0x1a .build/obj_lords_rex60_lite_v2_keymap_split/eeprom_driver.o
                0x10002814                eeprom_read_byte
 .text.eeprom_read_word
                0x1000282e       0x1a .build/obj_lords_rex60_lite_v2_keymap_split/eeprom_driver.o
                0x1000282e                eeprom_read_word
 .text.eeprom_read_dword
                0x10002848       0x14 .build/obj_lords_rex60_lite_v2_keymap_split/eeprom_driver.o
                0x10002848                eeprom_read_dword
 .text.eeprom_write_byte
                0x1000285c       0x14 .build/obj_lords_rex60_lite_v2_keymap_split/eeprom_driver.o
                0x1000285c                eeprom_write_byte
 .text.eeprom_write_word
                0x10002870       0x14 .build/obj_lords_rex60_lite_v2_keymap_split/eeprom_driver.o
                0x10002870                eeprom_write_word
 .text.eeprom_write_dword
                0x10002884       0x10 .build/obj_lords_rex60_lite_v2_keymap_split/eeprom_driver.o
                0x10002884                eeprom_write_dword
 .text.eeprom_update_block
                0x10002894       0x3a .build/obj_lords_rex60_lite_v2_keymap_split/eeprom_driver.o
                0x10002894                eeprom_update_block
 .text.eeprom_update_byte
                0x100028ce       0x18 .build/obj_lords_rex60_lite_v2_keymap_split/eeprom_driver.o
                0x100028ce                eeprom_update_byte
 .text.eeprom_update_word
                0x100028e6       0x18 .build/obj_lords_rex60_lite_v2_keymap_split/eeprom_driver.o
                0x100028e6                eeprom_update_word
 .text.eeprom_update_dword
                0x100028fe       0x18 .build/obj_lords_rex60_lite_v2_keymap_split/eeprom_driver.o
                0x100028fe                eeprom_update_dword
 .text.eeprom_driver_init
                0x10002916        0x8 .build/obj_lords_rex60_lite_v2_keymap_split/eeprom_wear_leveling.o
                0x10002916                eeprom_driver_init
 .text.eeprom_driver_erase
                0x1000291e        0x8 .build/obj_lords_rex60_lite_v2_keymap_split/eeprom_wear_leveling.o
                0x1000291e                eeprom_driver_erase
 .text.eeprom_read_block
                0x10002926        0xe .build/obj_lords_rex60_lite_v2_keymap_split/eeprom_wear_leveling.o
                0x10002926                eeprom_read_block
 .text.eeprom_write_block
                0x10002934        0xe .build/obj_lords_rex60_lite_v2_keymap_split/eeprom_wear_leveling.o
                0x10002934                eeprom_write_block
 *fill*         0x10002942        0x2 
 .text.wear_leveling_clear_cache
                0x10002944       0x20 .build/obj_lords_rex60_lite_v2_keymap_split/wear_leveling.o
 .text.wear_leveling_unlock
                0x10002964       0x24 .build/obj_lords_rex60_lite_v2_keymap_split/wear_leveling.o
 .text.wear_leveling_lock
                0x10002988       0x28 .build/obj_lords_rex60_lite_v2_keymap_split/wear_leveling.o
 .text.wear_leveling_erase
                0x100029b0       0x2e .build/obj_lords_rex60_lite_v2_keymap_split/wear_leveling.o
                0x100029b0                wear_leveling_erase
 *fill*         0x100029de        0x2 
 .text.wear_leveling_read
                0x100029e0       0x24 .build/obj_lords_rex60_lite_v2_keymap_split/wear_leveling.o
                0x100029e0                wear_leveling_read
 .text.wear_leveling_consolidate_force
                0x10002a04       0x6c .build/obj_lords_rex60_lite_v2_keymap_split/wear_leveling.o
 .text.wear_leveling_consolidate_if_needed
                0x10002a70       0x20 .build/obj_lords_rex60_lite_v2_keymap_split/wear_leveling.o
 .text.wear_leveling_append_raw
                0x10002a90       0x28 .build/obj_lords_rex60_lite_v2_keymap_split/wear_leveling.o
 .text.wear_leveling_write
                0x10002ab8      0x160 .build/obj_lords_rex60_lite_v2_keymap_split/wear_leveling.o
                0x10002ab8                wear_leveling_write
 .text.wear_leveling_init
                0x10002c18      0x194 .build/obj_lords_rex60_lite_v2_keymap_split/wear_leveling.o
                0x10002c18                wear_leveling_init
 .text.backing_store_init
                0x10002dac       0x1c .build/obj_lords_rex60_lite_v2_keymap_split/wear_leveling_rp2040_flash.o
                0x10002dac                backing_store_init
 .text.backing_store_unlock
                0x10002dc8        0x4 .build/obj_lords_rex60_lite_v2_keymap_split/wear_leveling_rp2040_flash.o
                0x10002dc8                backing_store_unlock
 .text.backing_store_erase
                0x10002dcc       0x28 .build/obj_lords_rex60_lite_v2_keymap_split/wear_leveling_rp2040_flash.o
                0x10002dcc                backing_store_erase
 .text.backing_store_write_bulk
                0x10002df4       0x24 .build/obj_lords_rex60_lite_v2_keymap_split/wear_leveling_rp2040_flash.o
                0x10002df4                backing_store_write_bulk
 .text.backing_store_write
                0x10002e18       0x12 .build/obj_lords_rex60_lite_v2_keymap_split/wear_leveling_rp2040_flash.o
                0x10002e18                backing_store_write
 .text.backing_store_lock
                0x10002e2a        0x4 .build/obj_lords_rex60_lite_v2_keymap_split/wear_leveling_rp2040_flash.o
                0x10002e2a                backing_store_lock
 *fill*         0x10002e2e        0x2 
 .text.backing_store_read_bulk
                0x10002e30       0x20 .build/obj_lords_rex60_lite_v2_keymap_split/wear_leveling_rp2040_flash.o
                0x10002e30                backing_store_read_bulk
 .text.backing_store_read
                0x10002e50        0xa .build/obj_lords_rex60_lite_v2_keymap_split/wear_leveling_rp2040_flash.o
                0x10002e50                backing_store_read
 .text.fnv_64a_buf
                0x10002e5a       0x7a .build/obj_lords_rex60_lite_v2_keymap_split/hash_64a.o
                0x10002e5a                fnv_64a_buf
 .text.process_magic
                0x10002ed4      0x1b8 .build/obj_lords_rex60_lite_v2_keymap_split/quantum/process_keycode/process_magic.o
                0x10002ed4                process_magic
 .text.send_char
                0x1000308c       0x8c .build/obj_lords_rex60_lite_v2_keymap_split/quantum/send_string/send_string.o
                0x1000308c                send_char
 .text.send_string_with_delay
                0x10003118       0x9c .build/obj_lords_rex60_lite_v2_keymap_split/quantum/send_string/send_string.o
                0x10003118                send_string_with_delay
 .text.process_grave_esc
                0x100031b4       0x54 .build/obj_lords_rex60_lite_v2_keymap_split/quantum/process_keycode/process_grave_esc.o
                0x100031b4                process_grave_esc
 .text.perform_space_cadet
                0x10003208       0xc4 .build/obj_lords_rex60_lite_v2_keymap_split/quantum/process_keycode/process_space_cadet.o
                0x10003208                perform_space_cadet
 .text.process_space_cadet
                0x100032cc       0xa8 .build/obj_lords_rex60_lite_v2_keymap_split/quantum/process_keycode/process_space_cadet.o
                0x100032cc                process_space_cadet
 .text.host_set_driver
                0x10003374        0xc .build/obj_lords_rex60_lite_v2_keymap_split/protocol/host.o
                0x10003374                host_set_driver
 .text.host_keyboard_leds
                0x10003380       0x14 .build/obj_lords_rex60_lite_v2_keymap_split/protocol/host.o
                0x10003380                host_keyboard_leds
 .text.host_keyboard_send
                0x10003394       0x34 .build/obj_lords_rex60_lite_v2_keymap_split/protocol/host.o
                0x10003394                host_keyboard_send
 .text.host_mouse_send
                0x100033c8       0x18 .build/obj_lords_rex60_lite_v2_keymap_split/protocol/host.o
                0x100033c8                host_mouse_send
 .text.host_system_send
                0x100033e0       0x34 .build/obj_lords_rex60_lite_v2_keymap_split/protocol/host.o
                0x100033e0                host_system_send
 .text.host_consumer_send
                0x10003414       0x34 .build/obj_lords_rex60_lite_v2_keymap_split/protocol/host.o
                0x10003414                host_consumer_send
 .text.has_anykey
                0x10003448       0x38 .build/obj_lords_rex60_lite_v2_keymap_split/protocol/report.o
                0x10003448                has_anykey
 .text.is_key_pressed
                0x10003480       0x58 .build/obj_lords_rex60_lite_v2_keymap_split/protocol/report.o
                0x10003480                is_key_pressed
 .text.add_key_byte
                0x100034d8       0x2a .build/obj_lords_rex60_lite_v2_keymap_split/protocol/report.o
                0x100034d8                add_key_byte
 .text.del_key_byte
                0x10003502       0x18 .build/obj_lords_rex60_lite_v2_keymap_split/protocol/report.o
                0x10003502                del_key_byte
 .text.add_key_bit
                0x1000351a       0x18 .build/obj_lords_rex60_lite_v2_keymap_split/protocol/report.o
                0x1000351a                add_key_bit
 .text.del_key_bit
                0x10003532       0x18 .build/obj_lords_rex60_lite_v2_keymap_split/protocol/report.o
                0x10003532                del_key_bit
 *fill*         0x1000354a        0x2 
 .text.add_key_to_report
                0x1000354c       0x28 .build/obj_lords_rex60_lite_v2_keymap_split/protocol/report.o
                0x1000354c                add_key_to_report
 .text.del_key_from_report
                0x10003574       0x28 .build/obj_lords_rex60_lite_v2_keymap_split/protocol/report.o
                0x10003574                del_key_from_report
 .text.clear_keys_from_report
                0x1000359c       0x28 .build/obj_lords_rex60_lite_v2_keymap_split/protocol/report.o
                0x1000359c                clear_keys_from_report
 .text.has_mouse_report_changed
                0x100035c4       0x10 .build/obj_lords_rex60_lite_v2_keymap_split/protocol/report.o
                0x100035c4                has_mouse_report_changed
 .text.notify_usb_device_state_change_user
                0x100035d4        0x2 .build/obj_lords_rex60_lite_v2_keymap_split/protocol/usb_device_state.o
                0x100035d4                notify_usb_device_state_change_user
 .text.notify_usb_device_state_change_kb
                0x100035d6        0x8 .build/obj_lords_rex60_lite_v2_keymap_split/protocol/usb_device_state.o
                0x100035d6                notify_usb_device_state_change_kb
 *fill*         0x100035de        0x2 
 .text.usb_device_state_set_configuration
                0x100035e0       0x14 .build/obj_lords_rex60_lite_v2_keymap_split/protocol/usb_device_state.o
                0x100035e0                usb_device_state_set_configuration
 .text.usb_device_state_set_suspend
                0x100035f4       0x14 .build/obj_lords_rex60_lite_v2_keymap_split/protocol/usb_device_state.o
                0x100035f4                usb_device_state_set_suspend
 .text.usb_device_state_set_resume
                0x10003608        0x8 .build/obj_lords_rex60_lite_v2_keymap_split/protocol/usb_device_state.o
                0x10003608                usb_device_state_set_resume
 .text.usb_device_state_set_reset
                0x10003610       0x14 .build/obj_lords_rex60_lite_v2_keymap_split/protocol/usb_device_state.o
                0x10003610                usb_device_state_set_reset
 .text.usb_device_state_init
                0x10003624        0x8 .build/obj_lords_rex60_lite_v2_keymap_split/protocol/usb_device_state.o
                0x10003624                usb_device_state_init
 .text.matrix_power_up
                0x1000362c        0x2 .build/obj_lords_rex60_lite_v2_keymap_split/platforms/suspend.o
                0x1000362c                matrix_power_up
 .text.matrix_power_down
                0x1000362e        0x2 .build/obj_lords_rex60_lite_v2_keymap_split/platforms/suspend.o
                0x1000362e                matrix_power_down
 .text.suspend_power_down_user
                0x10003630        0x2 .build/obj_lords_rex60_lite_v2_keymap_split/platforms/suspend.o
                0x10003630                suspend_power_down_user
 .text.suspend_power_down_kb
                0x10003632        0x8 .build/obj_lords_rex60_lite_v2_keymap_split/platforms/suspend.o
                0x10003632                suspend_power_down_kb
 .text.suspend_wakeup_init_user
                0x1000363a        0x2 .build/obj_lords_rex60_lite_v2_keymap_split/platforms/suspend.o
                0x1000363a                suspend_wakeup_init_user
 .text.suspend_wakeup_init_kb
                0x1000363c        0x8 .build/obj_lords_rex60_lite_v2_keymap_split/platforms/suspend.o
                0x1000363c                suspend_wakeup_init_kb
 .text.suspend_wakeup_condition
                0x10003644       0x28 .build/obj_lords_rex60_lite_v2_keymap_split/platforms/suspend.o
                0x10003644                suspend_wakeup_condition
 .text.platform_setup
                0x1000366c        0xc .build/obj_lords_rex60_lite_v2_keymap_split/platforms/chibios/platform.o
                0x1000366c                platform_setup
 .text.suspend_power_down
                0x10003678       0x14 .build/obj_lords_rex60_lite_v2_keymap_split/platforms/chibios/suspend.o
                0x10003678                suspend_power_down
 .text.suspend_wakeup_init
                0x1000368c       0x24 .build/obj_lords_rex60_lite_v2_keymap_split/platforms/chibios/suspend.o
                0x1000368c                suspend_wakeup_init
 .text.timer_clear
                0x100036b0       0x40 .build/obj_lords_rex60_lite_v2_keymap_split/platforms/chibios/timer.o
                0x100036b0                timer_clear
 .text.timer_init
                0x100036f0        0x8 .build/obj_lords_rex60_lite_v2_keymap_split/platforms/chibios/timer.o
                0x100036f0                timer_init
 .text.timer_read32
                0x100036f8       0x90 .build/obj_lords_rex60_lite_v2_keymap_split/platforms/chibios/timer.o
                0x100036f8                timer_read32
 .text.timer_read
                0x10003788        0xa .build/obj_lords_rex60_lite_v2_keymap_split/platforms/chibios/timer.o
                0x10003788                timer_read
 .text.timer_elapsed
                0x10003792        0xe .build/obj_lords_rex60_lite_v2_keymap_split/platforms/chibios/timer.o
                0x10003792                timer_elapsed
 .text.timer_elapsed32
                0x100037a0        0xc .build/obj_lords_rex60_lite_v2_keymap_split/platforms/chibios/timer.o
                0x100037a0                timer_elapsed32
 .text.mcu_reset
                0x100037ac       0x1c .build/obj_lords_rex60_lite_v2_keymap_split/platforms/chibios/bootloaders/rp2040.o
                0x100037ac                mcu_reset
 .text.bootloader_jump
                0x100037c8       0x14 .build/obj_lords_rex60_lite_v2_keymap_split/platforms/chibios/bootloaders/rp2040.o
                0x100037c8                bootloader_jump
 .text.__late_init
                0x100037dc       0x40 .build/obj_lords_rex60_lite_v2_keymap_split/platforms/chibios/bootloaders/rp2040.o
                0x100037dc                __late_init
 .text.port_lock
                0x1000381c       0x16 .build/obj_lords_rex60_lite_v2_keymap_split/protocol/chibios/usb_main.o
 .text.port_unlock
                0x10003832       0x12 .build/obj_lords_rex60_lite_v2_keymap_split/protocol/chibios/usb_main.o
 .text.dummy_usb_cb
                0x10003844        0x2 .build/obj_lords_rex60_lite_v2_keymap_split/protocol/chibios/usb_main.o
 .text.usb_sof_cb
                0x10003846        0xc .build/obj_lords_rex60_lite_v2_keymap_split/protocol/chibios/usb_main.o
 *fill*         0x10003852        0x2 
 .text.usb_get_descriptor_cb
                0x10003854       0x30 .build/obj_lords_rex60_lite_v2_keymap_split/protocol/chibios/usb_main.o
 .text.set_led_transfer_cb
                0x10003884       0x2c .build/obj_lords_rex60_lite_v2_keymap_split/protocol/chibios/usb_main.o
 .text.chVTSetI.constprop.0
                0x100038b0       0x2c .build/obj_lords_rex60_lite_v2_keymap_split/protocol/chibios/usb_main.o
 .text.keyboard_idle_timer_cb
                0x100038dc       0x80 .build/obj_lords_rex60_lite_v2_keymap_split/protocol/chibios/usb_main.o
 .text.usb_request_hook_cb
                0x1000395c      0x198 .build/obj_lords_rex60_lite_v2_keymap_split/protocol/chibios/usb_main.o
 .text.usb_event_queue_enqueue.isra.0
                0x10003af4       0x28 .build/obj_lords_rex60_lite_v2_keymap_split/protocol/chibios/usb_main.o
 .text.usb_event_cb
                0x10003b1c       0x58 .build/obj_lords_rex60_lite_v2_keymap_split/protocol/chibios/usb_main.o
 .text.usb_event_queue_init
                0x10003b74       0x24 .build/obj_lords_rex60_lite_v2_keymap_split/protocol/chibios/usb_main.o
                0x10003b74                usb_event_queue_init
 .text.usb_event_queue_task
                0x10003b98       0xa4 .build/obj_lords_rex60_lite_v2_keymap_split/protocol/chibios/usb_main.o
                0x10003b98                usb_event_queue_task
 .text.init_usb_driver
                0x10003c3c       0x44 .build/obj_lords_rex60_lite_v2_keymap_split/protocol/chibios/usb_main.o
                0x10003c3c                init_usb_driver
 .text.restart_usb_driver
                0x10003c80       0x30 .build/obj_lords_rex60_lite_v2_keymap_split/protocol/chibios/usb_main.o
                0x10003c80                restart_usb_driver
 .text.keyboard_leds
                0x10003cb0        0xc .build/obj_lords_rex60_lite_v2_keymap_split/protocol/chibios/usb_main.o
                0x10003cb0                keyboard_leds
 .text.send_report
                0x10003cbc       0x50 .build/obj_lords_rex60_lite_v2_keymap_split/protocol/chibios/usb_main.o
                0x10003cbc                send_report
 .text.send_keyboard
                0x10003d0c       0x44 .build/obj_lords_rex60_lite_v2_keymap_split/protocol/chibios/usb_main.o
                0x10003d0c                send_keyboard
 .text.send_mouse
                0x10003d50       0x20 .build/obj_lords_rex60_lite_v2_keymap_split/protocol/chibios/usb_main.o
                0x10003d50                send_mouse
 .text.send_extra
                0x10003d70        0xe .build/obj_lords_rex60_lite_v2_keymap_split/protocol/chibios/usb_main.o
                0x10003d70                send_extra
 .text.early_hardware_init_pre
                0x10003d7e        0x2 .build/obj_lords_rex60_lite_v2_keymap_split/protocol/chibios/chibios.o
                0x10003d7e                early_hardware_init_pre
 .text.early_hardware_init_post
                0x10003d80        0x2 .build/obj_lords_rex60_lite_v2_keymap_split/protocol/chibios/chibios.o
                0x10003d80                early_hardware_init_post
 .text.board_init
                0x10003d82        0x2 .build/obj_lords_rex60_lite_v2_keymap_split/protocol/chibios/chibios.o
                0x10003d82                board_init
 .text.__early_init
                0x10003d84       0x10 .build/obj_lords_rex60_lite_v2_keymap_split/protocol/chibios/chibios.o
                0x10003d84                __early_init
 .text.boardInit
                0x10003d94        0xc .build/obj_lords_rex60_lite_v2_keymap_split/protocol/chibios/chibios.o
                0x10003d94                boardInit
 .text.protocol_setup
                0x10003da0        0x8 .build/obj_lords_rex60_lite_v2_keymap_split/protocol/chibios/chibios.o
                0x10003da0                protocol_setup
 .text.protocol_pre_init
                0x10003da8       0x2c .build/obj_lords_rex60_lite_v2_keymap_split/protocol/chibios/chibios.o
                0x10003da8                protocol_pre_init
 .text.protocol_post_init
                0x10003dd4       0x10 .build/obj_lords_rex60_lite_v2_keymap_split/protocol/chibios/chibios.o
                0x10003dd4                protocol_post_init
 .text.protocol_pre_task
                0x10003de4       0x3c .build/obj_lords_rex60_lite_v2_keymap_split/protocol/chibios/chibios.o
                0x10003de4                protocol_pre_task
 .text.protocol_post_task
                0x10003e20        0x2 .build/obj_lords_rex60_lite_v2_keymap_split/protocol/chibios/chibios.o
                0x10003e20                protocol_post_task
 *fill*         0x10003e22        0x2 
 .text.get_usb_descriptor
                0x10003e24       0x8c .build/obj_lords_rex60_lite_v2_keymap_split/usb_descriptor.o
                0x10003e24                get_usb_descriptor
 .text.__core_init
                0x10003eb0       0x18 .build/obj_lords_rex60_lite_v2_keymap_split/./lib/chibios/os/oslib/src/chmemcore.o
                0x10003eb0                __core_init
 .text.__cpu_init
                0x10003ec8        0x2 .build/obj_lords_rex60_lite_v2/lib/chibios/os/common/startup/ARMCMx/compilers/GCC/crt1.o
                0x10003ec8                __cpu_init
 .text.__default_exit
                0x10003eca        0x2 .build/obj_lords_rex60_lite_v2/lib/chibios/os/common/startup/ARMCMx/compilers/GCC/crt1.o
                0x10003eca                __default_exit
 .text.__init_ram_areas
                0x10003ecc       0x54 .build/obj_lords_rex60_lite_v2/lib/chibios/os/common/startup/ARMCMx/compilers/GCC/crt1.o
                0x10003ecc                __init_ram_areas
 .text.chSysInit
                0x10003f20       0x40 .build/obj_lords_rex60_lite_v2/lib/chibios/os/rt/src/chsys.o
                0x10003f20                chSysInit
 .text.chSysHalt
                0x10003f60       0x24 .build/obj_lords_rex60_lite_v2/lib/chibios/os/rt/src/chsys.o
                0x10003f60                chSysHalt
 .text.chSysTimerHandlerI
                0x10003f84        0x8 .build/obj_lords_rex60_lite_v2/lib/chibios/os/rt/src/chsys.o
                0x10003f84                chSysTimerHandlerI
 .text.chSysPolledDelayX
                0x10003f8c       0x14 .build/obj_lords_rex60_lite_v2/lib/chibios/os/rt/src/chsys.o
                0x10003f8c                chSysPolledDelayX
 .text.chRFCUCollectFaultsI
                0x10003fa0       0x10 .build/obj_lords_rex60_lite_v2/lib/chibios/os/rt/src/chrfcu.o
                0x10003fa0                chRFCUCollectFaultsI
 .text.ch_dlist_insert
                0x10003fb0       0x2a .build/obj_lords_rex60_lite_v2/lib/chibios/os/rt/src/chvt.o
 *fill*         0x10003fda        0x2 
 .text.vt_insert_first
                0x10003fdc       0x6c .build/obj_lords_rex60_lite_v2/lib/chibios/os/rt/src/chvt.o
 .text.vt_set_alarm
                0x10004048       0x48 .build/obj_lords_rex60_lite_v2/lib/chibios/os/rt/src/chvt.o
 .text.vt_enqueue
                0x10004090       0x44 .build/obj_lords_rex60_lite_v2/lib/chibios/os/rt/src/chvt.o
 .text.chVTDoSetI
                0x100040d4       0x2c .build/obj_lords_rex60_lite_v2/lib/chibios/os/rt/src/chvt.o
                0x100040d4                chVTDoSetI
 .text.chVTDoResetI
                0x10004100       0x7c .build/obj_lords_rex60_lite_v2/lib/chibios/os/rt/src/chvt.o
                0x10004100                chVTDoResetI
 .text.chVTDoTickI
                0x1000417c       0xdc .build/obj_lords_rex60_lite_v2/lib/chibios/os/rt/src/chvt.o
                0x1000417c                chVTDoTickI
 .text.__sch_ready_behind
                0x10004258       0x1c .build/obj_lords_rex60_lite_v2/lib/chibios/os/rt/src/chschd.o
 .text.__sch_ready_ahead
                0x10004274       0x1c .build/obj_lords_rex60_lite_v2/lib/chibios/os/rt/src/chschd.o
 .text.__sch_wakeup
                0x10004290       0x62 .build/obj_lords_rex60_lite_v2/lib/chibios/os/rt/src/chschd.o
 *fill*         0x100042f2        0x2 
 .text.chSchReadyI
                0x100042f4       0x2c .build/obj_lords_rex60_lite_v2/lib/chibios/os/rt/src/chschd.o
                0x100042f4                chSchReadyI
 .text.chSchGoSleepS
                0x10004320       0x2c .build/obj_lords_rex60_lite_v2/lib/chibios/os/rt/src/chschd.o
                0x10004320                chSchGoSleepS
 .text.chSchGoSleepTimeoutS
                0x1000434c       0x4c .build/obj_lords_rex60_lite_v2/lib/chibios/os/rt/src/chschd.o
                0x1000434c                chSchGoSleepTimeoutS
 .text.chSchIsPreemptionRequired
                0x10004398       0x24 .build/obj_lords_rex60_lite_v2/lib/chibios/os/rt/src/chschd.o
                0x10004398                chSchIsPreemptionRequired
 .text.chSchDoPreemption
                0x100043bc       0x34 .build/obj_lords_rex60_lite_v2/lib/chibios/os/rt/src/chschd.o
                0x100043bc                chSchDoPreemption
 .text.chSchRescheduleS
                0x100043f0       0x28 .build/obj_lords_rex60_lite_v2/lib/chibios/os/rt/src/chschd.o
                0x100043f0                chSchRescheduleS
 .text.__idle_thread
                0x10004418        0x2 .build/obj_lords_rex60_lite_v2/lib/chibios/os/rt/src/chinstances.o
 *fill*         0x1000441a        0x2 
 .text.chInstanceObjectInit
                0x1000441c       0x90 .build/obj_lords_rex60_lite_v2/lib/chibios/os/rt/src/chinstances.o
                0x1000441c                chInstanceObjectInit
 .text.port_lock
                0x100044ac       0x16 .build/obj_lords_rex60_lite_v2/lib/chibios/os/rt/src/chthreads.o
 .text.port_unlock
                0x100044c2       0x12 .build/obj_lords_rex60_lite_v2/lib/chibios/os/rt/src/chthreads.o
 .text.chThdGetSelfX
                0x100044d4       0x18 .build/obj_lords_rex60_lite_v2/lib/chibios/os/rt/src/chthreads.o
 .text.__thd_object_init
                0x100044ec       0x14 .build/obj_lords_rex60_lite_v2/lib/chibios/os/rt/src/chthreads.o
                0x100044ec                __thd_object_init
 .text.chThdCreateSuspendedI
                0x10004500       0x4c .build/obj_lords_rex60_lite_v2/lib/chibios/os/rt/src/chthreads.o
                0x10004500                chThdCreateSuspendedI
 .text.chThdCreateI
                0x1000454c        0xc .build/obj_lords_rex60_lite_v2/lib/chibios/os/rt/src/chthreads.o
                0x1000454c                chThdCreateI
 .text.chThdExitS
                0x10004558       0x12 .build/obj_lords_rex60_lite_v2/lib/chibios/os/rt/src/chthreads.o
                0x10004558                chThdExitS
 .text.chThdExit
                0x1000456a       0x10 .build/obj_lords_rex60_lite_v2/lib/chibios/os/rt/src/chthreads.o
                0x1000456a                chThdExit
 .text.chThdSleep
                0x1000457a       0x16 .build/obj_lords_rex60_lite_v2/lib/chibios/os/rt/src/chthreads.o
                0x1000457a                chThdSleep
 .text.chThdSuspendTimeoutS
                0x10004590       0x22 .build/obj_lords_rex60_lite_v2/lib/chibios/os/rt/src/chthreads.o
                0x10004590                chThdSuspendTimeoutS
 .text.chThdResumeI
                0x100045b2       0x16 .build/obj_lords_rex60_lite_v2/lib/chibios/os/rt/src/chthreads.o
                0x100045b2                chThdResumeI
 .text.port_local_halt
                0x100045c8       0x20 .build/obj_lords_rex60_lite_v2/lib/chibios/os/common/ports/ARMv6-M-RP2/chcore.o
                0x100045c8                port_local_halt
 .text.NMI_Handler
                0x100045e8       0x1c .build/obj_lords_rex60_lite_v2/lib/chibios/os/common/ports/ARMv6-M-RP2/chcore.o
                0x100045e8                NMI_Handler
 .text.port_init
                0x10004604       0x58 .build/obj_lords_rex60_lite_v2/lib/chibios/os/common/ports/ARMv6-M-RP2/chcore.o
                0x10004604                port_init
 .text.__port_irq_epilogue
                0x1000465c       0x44 .build/obj_lords_rex60_lite_v2/lib/chibios/os/common/ports/ARMv6-M-RP2/chcore.o
                0x1000465c                __port_irq_epilogue
 .text.Vector7C
                0x100046a0       0x20 .build/obj_lords_rex60_lite_v2/lib/chibios/os/common/ports/ARMv6-M-RP2/chcore.o
                0x100046a0                Vector7C
 .text.Vector80
                0x100046c0       0x26 .build/obj_lords_rex60_lite_v2/lib/chibios/os/common/ports/ARMv6-M-RP2/chcore.o
                0x100046c0                Vector80
 .text.__port_spinlock_release
                0x100046e6       0x10 .build/obj_lords_rex60_lite_v2/lib/chibios/os/common/ports/ARMv6-M-RP2/chcore.o
                0x100046e6                __port_spinlock_release
 .text.halInit  0x100046f6       0x18 .build/obj_lords_rex60_lite_v2/lib/chibios/os/hal/src/hal.o
                0x100046f6                halInit
 *fill*         0x1000470e        0x2 
 .text.stInit   0x10004710       0x18 .build/obj_lords_rex60_lite_v2/lib/chibios/os/hal/src/hal_st.o
                0x10004710                stInit
 .text.stGetCounter
                0x10004728        0xc .build/obj_lords_rex60_lite_v2/lib/chibios/os/hal/src/hal_st.o
                0x10004728                stGetCounter
 .text.stBindAlarmN
                0x10004734        0x8 .build/obj_lords_rex60_lite_v2/lib/chibios/os/hal/src/hal_st.o
                0x10004734                stBindAlarmN
 .text.stStartAlarmN
                0x1000473c       0x1c .build/obj_lords_rex60_lite_v2/lib/chibios/os/hal/src/hal_st.o
                0x1000473c                stStartAlarmN
 .text.stStopAlarmN
                0x10004758       0x14 .build/obj_lords_rex60_lite_v2/lib/chibios/os/hal/src/hal_st.o
                0x10004758                stStopAlarmN
 .text.stSetAlarmN
                0x1000476c       0x10 .build/obj_lords_rex60_lite_v2/lib/chibios/os/hal/src/hal_st.o
                0x1000476c                stSetAlarmN
 .text.port_lock
                0x1000477c       0x16 .build/obj_lords_rex60_lite_v2/lib/chibios/os/hal/src/hal_usb.o
 .text.port_unlock
                0x10004792       0x12 .build/obj_lords_rex60_lite_v2/lib/chibios/os/hal/src/hal_usb.o
 .text.set_address
                0x100047a4       0x28 .build/obj_lords_rex60_lite_v2/lib/chibios/os/hal/src/hal_usb.o
 .text.usbInit  0x100047cc        0x8 .build/obj_lords_rex60_lite_v2/lib/chibios/os/hal/src/hal_usb.o
                0x100047cc                usbInit
 .text.usbObjectInit
                0x100047d4       0x1a .build/obj_lords_rex60_lite_v2/lib/chibios/os/hal/src/hal_usb.o
                0x100047d4                usbObjectInit
 .text.usbStart
                0x100047ee       0x2a .build/obj_lords_rex60_lite_v2/lib/chibios/os/hal/src/hal_usb.o
                0x100047ee                usbStart
 .text.usbStop  0x10004818       0x56 .build/obj_lords_rex60_lite_v2/lib/chibios/os/hal/src/hal_usb.o
                0x10004818                usbStop
 .text.usbInitEndpointI
                0x1000486e       0x36 .build/obj_lords_rex60_lite_v2/lib/chibios/os/hal/src/hal_usb.o
                0x1000486e                usbInitEndpointI
 .text.usbDisableEndpointsI
                0x100048a4       0x50 .build/obj_lords_rex60_lite_v2/lib/chibios/os/hal/src/hal_usb.o
                0x100048a4                usbDisableEndpointsI
 .text.usbStartReceiveI
                0x100048f4       0x26 .build/obj_lords_rex60_lite_v2/lib/chibios/os/hal/src/hal_usb.o
                0x100048f4                usbStartReceiveI
 .text.usbStartTransmitI
                0x1000491a       0x26 .build/obj_lords_rex60_lite_v2/lib/chibios/os/hal/src/hal_usb.o
                0x1000491a                usbStartTransmitI
 .text.usbWakeupHost
                0x10004940       0x2c .build/obj_lords_rex60_lite_v2/lib/chibios/os/hal/src/hal_usb.o
                0x10004940                usbWakeupHost
 .text._usb_reset
                0x1000496c       0x74 .build/obj_lords_rex60_lite_v2/lib/chibios/os/hal/src/hal_usb.o
                0x1000496c                _usb_reset
 .text._usb_suspend
                0x100049e0       0x64 .build/obj_lords_rex60_lite_v2/lib/chibios/os/hal/src/hal_usb.o
                0x100049e0                _usb_suspend
 .text._usb_wakeup
                0x10004a44       0x1c .build/obj_lords_rex60_lite_v2/lib/chibios/os/hal/src/hal_usb.o
                0x10004a44                _usb_wakeup
 .text._usb_ep0setup
                0x10004a60      0x304 .build/obj_lords_rex60_lite_v2/lib/chibios/os/hal/src/hal_usb.o
                0x10004a60                _usb_ep0setup
 .text._usb_ep0in
                0x10004d64       0xb6 .build/obj_lords_rex60_lite_v2/lib/chibios/os/hal/src/hal_usb.o
                0x10004d64                _usb_ep0in
 .text._usb_ep0out
                0x10004e1a       0x7e .build/obj_lords_rex60_lite_v2/lib/chibios/os/hal/src/hal_usb.o
                0x10004e1a                _usb_ep0out
 .text.nvicEnableVector
                0x10004e98       0x40 .build/obj_lords_rex60_lite_v2/lib/chibios/os/hal/ports/common/ARMCMx/nvic.o
                0x10004e98                nvicEnableVector
 .text.nvicDisableVector
                0x10004ed8       0x44 .build/obj_lords_rex60_lite_v2/lib/chibios/os/hal/ports/common/ARMCMx/nvic.o
                0x10004ed8                nvicDisableVector
 .text.irqInit  0x10004f1c        0x2 .build/obj_lords_rex60_lite_v2/lib/chibios/os/hal/ports/RP/RP2040/rp_isr.o
                0x10004f1c                irqInit
 *fill*         0x10004f1e        0x2 
 .text.hal_lld_peripheral_unreset
                0x10004f20       0x14 .build/obj_lords_rex60_lite_v2/lib/chibios/os/hal/ports/RP/RP2040/hal_lld.o
 .text.hal_lld_init
                0x10004f34       0x30 .build/obj_lords_rex60_lite_v2/lib/chibios/os/hal/ports/RP/RP2040/hal_lld.o
                0x10004f34                hal_lld_init
 .text.__pal_lld_init
                0x10004f64       0x2c .build/obj_lords_rex60_lite_v2/lib/chibios/os/hal/ports/RP/LLD/GPIOv1/hal_pal_lld.o
                0x10004f64                __pal_lld_init
 .text.Vector40
                0x10004f90       0x38 .build/obj_lords_rex60_lite_v2/lib/chibios/os/hal/ports/RP/LLD/TIMERv1/hal_st_lld.o
                0x10004f90                Vector40
 .text.Vector44
                0x10004fc8       0x38 .build/obj_lords_rex60_lite_v2/lib/chibios/os/hal/ports/RP/LLD/TIMERv1/hal_st_lld.o
                0x10004fc8                Vector44
 .text.Vector48
                0x10005000       0x28 .build/obj_lords_rex60_lite_v2/lib/chibios/os/hal/ports/RP/LLD/TIMERv1/hal_st_lld.o
                0x10005000                Vector48
 .text.Vector4C
                0x10005028       0x28 .build/obj_lords_rex60_lite_v2/lib/chibios/os/hal/ports/RP/LLD/TIMERv1/hal_st_lld.o
                0x10005028                Vector4C
 .text.st_lld_init
                0x10005050       0x20 .build/obj_lords_rex60_lite_v2/lib/chibios/os/hal/ports/RP/LLD/TIMERv1/hal_st_lld.o
                0x10005050                st_lld_init
 .text.st_lld_bind_alarm_n
                0x10005070       0x18 .build/obj_lords_rex60_lite_v2/lib/chibios/os/hal/ports/RP/LLD/TIMERv1/hal_st_lld.o
                0x10005070                st_lld_bind_alarm_n
 .text.usb_isochronous_buffer_size
                0x10005088       0x44 .build/obj_lords_rex60_lite_v2/lib/chibios-contrib/os/hal/ports/RP/LLD/USBDv1/hal_usb_lld.o
 .text.usb_prepare_in_ep_buffer
                0x100050cc       0x72 .build/obj_lords_rex60_lite_v2/lib/chibios-contrib/os/hal/ports/RP/LLD/USBDv1/hal_usb_lld.o
 *fill*         0x1000513e        0x2 
 .text.usb_prepare_in_ep
                0x10005140       0x88 .build/obj_lords_rex60_lite_v2/lib/chibios-contrib/os/hal/ports/RP/LLD/USBDv1/hal_usb_lld.o
 .text.usb_prepare_out_ep_buffer
                0x100051c8       0x50 .build/obj_lords_rex60_lite_v2/lib/chibios-contrib/os/hal/ports/RP/LLD/USBDv1/hal_usb_lld.o
                0x100051c8                usb_prepare_out_ep_buffer
 .text.usb_prepare_out_ep
                0x10005218       0x54 .build/obj_lords_rex60_lite_v2/lib/chibios-contrib/os/hal/ports/RP/LLD/USBDv1/hal_usb_lld.o
 .text.Vector54
                0x1000526c      0x230 .build/obj_lords_rex60_lite_v2/lib/chibios-contrib/os/hal/ports/RP/LLD/USBDv1/hal_usb_lld.o
                0x1000526c                Vector54
 .text.usb_lld_init
                0x1000549c       0x18 .build/obj_lords_rex60_lite_v2/lib/chibios-contrib/os/hal/ports/RP/LLD/USBDv1/hal_usb_lld.o
                0x1000549c                usb_lld_init
 .text.usb_lld_stop
                0x100054b4       0x34 .build/obj_lords_rex60_lite_v2/lib/chibios-contrib/os/hal/ports/RP/LLD/USBDv1/hal_usb_lld.o
                0x100054b4                usb_lld_stop
 .text.usb_lld_set_address
                0x100054e8       0x14 .build/obj_lords_rex60_lite_v2/lib/chibios-contrib/os/hal/ports/RP/LLD/USBDv1/hal_usb_lld.o
                0x100054e8                usb_lld_set_address
 .text.usb_lld_init_endpoint
                0x100054fc      0x13c .build/obj_lords_rex60_lite_v2/lib/chibios-contrib/os/hal/ports/RP/LLD/USBDv1/hal_usb_lld.o
                0x100054fc                usb_lld_init_endpoint
 .text.usb_lld_reset
                0x10005638       0x50 .build/obj_lords_rex60_lite_v2/lib/chibios-contrib/os/hal/ports/RP/LLD/USBDv1/hal_usb_lld.o
                0x10005638                usb_lld_reset
 .text.usb_lld_start
                0x10005688       0x98 .build/obj_lords_rex60_lite_v2/lib/chibios-contrib/os/hal/ports/RP/LLD/USBDv1/hal_usb_lld.o
                0x10005688                usb_lld_start
 .text.usb_lld_disable_endpoints
                0x10005720       0x24 .build/obj_lords_rex60_lite_v2/lib/chibios-contrib/os/hal/ports/RP/LLD/USBDv1/hal_usb_lld.o
                0x10005720                usb_lld_disable_endpoints
 .text.usb_lld_get_status_out
                0x10005744       0x1a .build/obj_lords_rex60_lite_v2/lib/chibios-contrib/os/hal/ports/RP/LLD/USBDv1/hal_usb_lld.o
                0x10005744                usb_lld_get_status_out
 .text.usb_lld_get_status_in
                0x1000575e       0x1a .build/obj_lords_rex60_lite_v2/lib/chibios-contrib/os/hal/ports/RP/LLD/USBDv1/hal_usb_lld.o
                0x1000575e                usb_lld_get_status_in
 .text.usb_lld_read_setup
                0x10005778       0x14 .build/obj_lords_rex60_lite_v2/lib/chibios-contrib/os/hal/ports/RP/LLD/USBDv1/hal_usb_lld.o
                0x10005778                usb_lld_read_setup
 .text.usb_lld_start_out
                0x1000578c       0x30 .build/obj_lords_rex60_lite_v2/lib/chibios-contrib/os/hal/ports/RP/LLD/USBDv1/hal_usb_lld.o